Archive member included to satisfy reference by file (symbol)

libbb/lib.a(appletlib.o)      /workdir/staging_dir/_p2w_r619ac-128m/toolchain-arm_cortex-a7+neon-vfpv4_gcc-8.4.0_musl_eabi/bin/../lib/gcc/arm-openwrt-linux-muslgnueabi/8.4.0/../../../../arm-openwrt-linux-muslgnueabi/lib/crt1.o (main)
libbb/lib.a(compare_string_array.o)
                              appletlib.o (symbol from plugin) (is_prefixed_with)
libbb/lib.a(default_error_retval.o)
                              appletlib.o (symbol from plugin) (xfunc_error_retval)
libbb/lib.a(get_last_path_component.o)
                              appletlib.o (symbol from plugin) (bb_basename)
libbb/lib.a(last_char_is.o)   get_last_path_component.o (symbol from plugin) (last_char_is)
libbb/lib.a(messages.o)       appletlib.o (symbol from plugin) (bb_banner)
libbb/lib.a(ptr_to_globals.o)
                              appletlib.o (symbol from plugin) (bb_errno)
libbb/lib.a(vfork_daemon_rexec.o)
                              appletlib.o (symbol from plugin) (set_task_comm)
libbb/lib.a(xfunc_die.o)      appletlib.o (symbol from plugin) (xfunc_die)
libbb/lib.a(xfuncs.o)         appletlib.o (symbol from plugin) (full_write2_str)
libbb/lib.a(xfuncs_printf.o)  vfork_daemon_rexec.o (symbol from plugin) (xopen)
libbb/lib.a(copyfd.o)         xfuncs_printf.o (symbol from plugin) (bb_copyfd_eof)
libbb/lib.a(executable.o)     vfork_daemon_rexec.o (symbol from plugin) (BB_EXECVP)
libbb/lib.a(full_write.o)     xfuncs.o (symbol from plugin) (full_write)
libbb/lib.a(getopt32.o)       vfork_daemon_rexec.o (symbol from plugin) (option_mask32)
libbb/lib.a(llist.o)          getopt32.o (symbol from plugin) (llist_add_to_end)
libbb/lib.a(perror_msg.o)     xfuncs_printf.o (symbol from plugin) (bb_perror_msg)
libbb/lib.a(read.o)           copyfd.o (symbol from plugin) (safe_read)
libbb/lib.a(safe_strncpy.o)   getopt32.o (symbol from plugin) (overlapping_strcpy)
libbb/lib.a(safe_write.o)     full_write.o (symbol from plugin) (safe_write)
libbb/lib.a(signals.o)        xfuncs_printf.o (symbol from plugin) (kill_myself_with_sig)
libbb/lib.a(time.o)           xfuncs_printf.o (symbol from plugin) (monotonic_us)
libbb/lib.a(verror_msg.o)     xfuncs_printf.o (symbol from plugin) (bb_verror_msg)
libbb/lib.a(xatonum.o)        getopt32.o (symbol from plugin) (xatoi_positive)
libbb/lib.a(bb_strtonum.o)    time.o (symbol from plugin) (bb_strtol)
libbb/lib.a(concat_path_file.o)
                              executable.o (symbol from plugin) (concat_path_file)
loginutils/lib.a(login.o)     appletlib.o (symbol from plugin) (login_main)
loginutils/lib.a(passwd.o)    appletlib.o (symbol from plugin) (passwd_main)
miscutils/lib.a(crond.o)      appletlib.o (symbol from plugin) (crond_main)
miscutils/lib.a(crontab.o)    appletlib.o (symbol from plugin) (crontab_main)
miscutils/lib.a(less.o)       appletlib.o (symbol from plugin) (less_main)
miscutils/lib.a(lock.o)       appletlib.o (symbol from plugin) (lock_main)
miscutils/lib.a(strings.o)    appletlib.o (symbol from plugin) (strings_main)
miscutils/lib.a(time.o)       appletlib.o (symbol from plugin) (time_main)
networking/lib.a(brctl.o)     appletlib.o (symbol from plugin) (brctl_main)
networking/lib.a(ifconfig.o)  appletlib.o (symbol from plugin) (ifconfig_main)
networking/lib.a(interface.o)
                              ifconfig.o (symbol from plugin) (display_interfaces)
networking/lib.a(ip.o)        appletlib.o (symbol from plugin) (ip_main)
networking/lib.a(nc.o)        appletlib.o (symbol from plugin) (nc_main)
networking/lib.a(netmsg.o)    appletlib.o (symbol from plugin) (netmsg_main)
networking/lib.a(netstat.o)   appletlib.o (symbol from plugin) (netstat_main)
networking/lib.a(nslookup.o)  appletlib.o (symbol from plugin) (nslookup_main)
networking/lib.a(ntpd.o)      appletlib.o (symbol from plugin) (ntpd_main)
networking/lib.a(ping.o)      appletlib.o (symbol from plugin) (ping_main)
networking/lib.a(route.o)     netstat.o (symbol from plugin) (bb_displayroutes)
networking/lib.a(traceroute.o)
                              appletlib.o (symbol from plugin) (traceroute_main)
networking/libiproute/lib.a(ip_parse_common_args.o)
                              ip.o (symbol from plugin) (ip_parse_common_args)
networking/libiproute/lib.a(ipaddress.o)
                              ip.o (symbol from plugin) (do_ipaddr)
networking/libiproute/lib.a(iplink.o)
                              ip.o (symbol from plugin) (do_iplink)
networking/libiproute/lib.a(ipneigh.o)
                              ip.o (symbol from plugin) (do_ipneigh)
networking/libiproute/lib.a(iproute.o)
                              ip.o (symbol from plugin) (do_iproute)
networking/libiproute/lib.a(iprule.o)
                              ip.o (symbol from plugin) (do_iprule)
networking/libiproute/lib.a(libnetlink.o)
                              ipaddress.o (symbol from plugin) (xrtnl_open)
networking/libiproute/lib.a(ll_addr.o)
[...]
Memory Configuration

Name             Origin             Length             Attributes
*default*        0x0000000000000000 0xffffffffffffffff

Linker script and memory map

LOAD /workdir/staging_dir/_p2w_r619ac-128m/toolchain-arm_cortex-a7+neon-vfpv4_gcc-8.4.0_musl_eabi/bin/../lib/gcc/arm-openwrt-linux-muslgnueabi/8.4.0/../../../../arm-openwrt-linux-muslgnueabi/lib/crt1.o
LOAD /workdir/staging_dir/_p2w_r619ac-128m/toolchain-arm_cortex-a7+neon-vfpv4_gcc-8.4.0_musl_eabi/bin/../lib/gcc/arm-openwrt-linux-muslgnueabi/8.4.0/../../../../arm-openwrt-linux-muslgnueabi/lib/crti.o
LOAD /workdir/staging_dir/_p2w_r619ac-128m/toolchain-arm_cortex-a7+neon-vfpv4_gcc-8.4.0_musl_eabi/bin/../lib/gcc/arm-openwrt-linux-muslgnueabi/8.4.0/crtbegin.o
START GROUP
LOAD applets/built-in.o
LOAD /workdir/openwrt/tmp/ccmoovuF.ltrans0.ltrans.o
LOAD /workdir/openwrt/tmp/ccmoovuF.ltrans1.ltrans.o
LOAD /workdir/openwrt/tmp/ccmoovuF.ltrans2.ltrans.o
LOAD /workdir/openwrt/tmp/ccmoovuF.ltrans3.ltrans.o
LOAD /workdir/openwrt/tmp/ccmoovuF.ltrans4.ltrans.o
LOAD /workdir/openwrt/tmp/ccmoovuF.ltrans5.ltrans.o
LOAD /workdir/openwrt/tmp/ccmoovuF.ltrans6.ltrans.o
LOAD /workdir/openwrt/tmp/ccmoovuF.ltrans7.ltrans.o
LOAD archival/lib.a
LOAD archival/libarchive/lib.a
LOAD console-tools/lib.a
LOAD coreutils/lib.a
LOAD coreutils/libcoreutils/lib.a
LOAD debianutils/lib.a
LOAD klibc-utils/lib.a
LOAD e2fsprogs/lib.a
LOAD editors/lib.a
LOAD findutils/lib.a
LOAD init/lib.a
LOAD libbb/lib.a
LOAD libpwdgrp/lib.a
LOAD loginutils/lib.a
LOAD mailutils/lib.a
LOAD miscutils/lib.a
LOAD modutils/lib.a
LOAD networking/lib.a
LOAD networking/libiproute/lib.a
LOAD networking/udhcp/lib.a
LOAD printutils/lib.a
LOAD procps/lib.a
LOAD runit/lib.a
LOAD selinux/lib.a
LOAD shell/lib.a
LOAD sysklogd/lib.a
LOAD util-linux/lib.a
LOAD util-linux/volume_id/lib.a
LOAD archival/built-in.o
LOAD archival/libarchive/built-in.o
LOAD console-tools/built-in.o
LOAD coreutils/built-in.o
LOAD coreutils/libcoreutils/built-in.o
LOAD debianutils/built-in.o
LOAD klibc-utils/built-in.o
LOAD e2fsprogs/built-in.o
LOAD editors/built-in.o
LOAD findutils/built-in.o
LOAD init/built-in.o
LOAD libbb/built-in.o
LOAD libpwdgrp/built-in.o
LOAD loginutils/built-in.o
LOAD mailutils/built-in.o
LOAD miscutils/built-in.o
LOAD modutils/built-in.o
LOAD networking/built-in.o
LOAD networking/libiproute/built-in.o
LOAD networking/udhcp/built-in.o
LOAD printutils/built-in.o
LOAD procps/built-in.o
LOAD runit/built-in.o
LOAD selinux/built-in.o
LOAD shell/built-in.o
LOAD sysklogd/built-in.o
LOAD util-linux/built-in.o
LOAD util-linux/volume_id/built-in.o
END GROUP
START GROUP
END GROUP
LOAD /workdir/openwrt/staging_dir/toolchain-arm_cortex-a7+neon-vfpv4_gcc-8.4.0_musl_eabi/lib/libssp_nonshared.a
LOAD /workdir/openwrt/staging_dir/toolchain-arm_cortex-a7+neon-vfpv4_gcc-8.4.0_musl_eabi/lib/libgcc_s.so
START GROUP
LOAD /workdir/openwrt/staging_dir/toolchain-arm_cortex-a7+neon-vfpv4_gcc-8.4.0_musl_eabi/lib/libgcc_s.so.1
LOAD /workdir/staging_dir/_p2w_r619ac-128m/toolchain-arm_cortex-a7+neon-vfpv4_gcc-8.4.0_musl_eabi/bin/../lib/gcc/arm-openwrt-linux-muslgnueabi/8.4.0/libgcc.a
END GROUP
LOAD /workdir/openwrt/staging_dir/toolchain-arm_cortex-a7+neon-vfpv4_gcc-8.4.0_musl_eabi/lib/libc.so
LOAD /workdir/openwrt/staging_dir/toolchain-arm_cortex-a7+neon-vfpv4_gcc-8.4.0_musl_eabi/lib/libgcc_s.so
START GROUP
LOAD /workdir/openwrt/staging_dir/toolchain-arm_cortex-a7+neon-vfpv4_gcc-8.4.0_musl_eabi/lib/libgcc_s.so.1
LOAD /workdir/staging_dir/_p2w_r619ac-128m/toolchain-arm_cortex-a7+neon-vfpv4_gcc-8.4.0_musl_eabi/bin/../lib/gcc/arm-openwrt-linux-muslgnueabi/8.4.0/libgcc.a
END GROUP
LOAD /workdir/staging_dir/_p2w_r619ac-128m/toolchain-arm_cortex-a7+neon-vfpv4_gcc-8.4.0_musl_eabi/bin/../lib/gcc/arm-openwrt-linux-muslgnueabi/8.4.0/crtend.o
LOAD /workdir/staging_dir/_p2w_r619ac-128m/toolchain-arm_cortex-a7+neon-vfpv4_gcc-8.4.0_musl_eabi/bin/../lib/gcc/arm-openwrt-linux-muslgnueabi/8.4.0/../../../../arm-openwrt-linux-muslgnueabi/lib/crtn.o
                [!provide]                        PROVIDE (__executable_start = SEGMENT_START ("text-segment", 0x10000))
                0x0000000000010114                . = (SEGMENT_START ("text-segment", 0x10000) + SIZEOF_HEADERS)

.interp         0x0000000000010114       0x18
 *(SORT_BY_ALIGNMENT(.interp))
 .interp        0x0000000000010114       0x18 /workdir/staging_dir/_p2w_r619ac-128m/toolchain-arm_cortex-a7+neon-vfpv4_gcc-8.4.0_musl_eabi/bin/../lib/gcc/arm-openwrt-linux-muslgnueabi/8.4.0/../../../../arm-openwrt-linux-muslgnueabi/lib/crt1.o

.note.gnu.build-id
 *(SORT_BY_ALIGNMENT(.note.gnu.build-id))

.hash           0x000000000001012c      0x900
 *(SORT_BY_ALIGNMENT(.hash))
 .hash          0x000000000001012c      0x900 /workdir/staging_dir/_p2w_r619ac-128m/toolchain-arm_cortex-a7+neon-vfpv4_gcc-8.4.0_musl_eabi/bin/../lib/gcc/arm-openwrt-linux-muslgnueabi/8.4.0/../../../../arm-openwrt-linux-muslgnueabi/lib/crt1.o

.gnu.hash       0x0000000000010a2c      0x9fc
 *(SORT_BY_ALIGNMENT(.gnu.hash))
 .gnu.hash      0x0000000000010a2c      0x9fc /workdir/staging_dir/_p2w_r619ac-128m/toolchain-arm_cortex-a7+neon-vfpv4_gcc-8.4.0_musl_eabi/bin/../lib/gcc/arm-openwrt-linux-muslgnueabi/8.4.0/../../../../arm-openwrt-linux-muslgnueabi/lib/crt1.o

.dynsym         0x0000000000011428     0x1370
 *(SORT_BY_ALIGNMENT(.dynsym))
 .dynsym        0x0000000000011428     0x1370 /workdir/staging_dir/_p2w_r619ac-128m/toolchain-arm_cortex-a7+neon-vfpv4_gcc-8.4.0_musl_eabi/bin/../lib/gcc/arm-openwrt-linux-muslgnueabi/8.4.0/../../../../arm-openwrt-linux-muslgnueabi/lib/crt1.o

.dynstr         0x0000000000012798      0x9af
 *(SORT_BY_ALIGNMENT(.dynstr))
 .dynstr        0x0000000000012798      0x9af /workdir/staging_dir/_p2w_r619ac-128m/toolchain-arm_cortex-a7+neon-vfpv4_gcc-8.4.0_musl_eabi/bin/../lib/gcc/arm-openwrt-linux-muslgnueabi/8.4.0/../../../../arm-openwrt-linux-muslgnueabi/lib/crt1.o

.gnu.version    0x0000000000013148      0x26e
 *(SORT_BY_ALIGNMENT(.gnu.version))
 .gnu.version   0x0000000000013148      0x26e /workdir/staging_dir/_p2w_r619ac-128m/toolchain-arm_cortex-a7+neon-vfpv4_gcc-8.4.0_musl_eabi/bin/../lib/gcc/arm-openwrt-linux-muslgnueabi/8.4.0/../../../../arm-openwrt-linux-muslgnueabi/lib/crt1.o

.gnu.version_d  0x00000000000133b8        0x0
 *(SORT_BY_ALIGNMENT(.gnu.version_d))
 .gnu.version_d
                0x00000000000133b8        0x0 /workdir/staging_dir/_p2w_r619ac-128m/toolchain-arm_cortex-a7+neon-vfpv4_gcc-8.4.0_musl_eabi/bin/../lib/gcc/arm-openwrt-linux-muslgnueabi/8.4.0/../../../../arm-openwrt-linux-muslgnueabi/lib/crt1.o

.gnu.version_r  0x00000000000133b8       0x20
 *(SORT_BY_ALIGNMENT(.gnu.version_r))
 .gnu.version_r
                0x00000000000133b8       0x20 /workdir/staging_dir/_p2w_r619ac-128m/toolchain-arm_cortex-a7+neon-vfpv4_gcc-8.4.0_musl_eabi/bin/../lib/gcc/arm-openwrt-linux-muslgnueabi/8.4.0/../../../../arm-openwrt-linux-muslgnueabi/lib/crt1.o

.rel.dyn        0x00000000000133d8       0x38
 *(SORT_BY_ALIGNMENT(.rel.init))
 *(SORT_BY_ALIGNMENT(.rel.text) SORT_BY_ALIGNMENT(.rel.text.*) SORT_BY_ALIGNMENT(.rel.gnu.linkonce.t.*))
 *(SORT_BY_ALIGNMENT(.rel.fini))
 *(SORT_BY_ALIGNMENT(.rel.rodata) SORT_BY_ALIGNMENT(.rel.rodata.*) SORT_BY_ALIGNMENT(.rel.gnu.linkonce.r.*))
 *(SORT_BY_ALIGNMENT(.rel.data.rel.ro) SORT_BY_ALIGNMENT(.rel.data.rel.ro.*) SORT_BY_ALIGNMENT(.rel.gnu.linkonce.d.rel.ro.*))
 .rel.data.rel.ro
                0x00000000000133d8       0x18 /workdir/staging_dir/_p2w_r619ac-128m/toolchain-arm_cortex-a7+neon-vfpv4_gcc-8.4.0_musl_eabi/bin/../lib/gcc/arm-openwrt-linux-muslgnueabi/8.4.0/../../../../arm-openwrt-linux-muslgnueabi/lib/crt1.o
 *(SORT_BY_ALIGNMENT(.rel.data) SORT_BY_ALIGNMENT(.rel.data.*) SORT_BY_ALIGNMENT(.rel.gnu.linkonce.d.*))
 *(SORT_BY_ALIGNMENT(.rel.tdata) SORT_BY_ALIGNMENT(.rel.tdata.*) SORT_BY_ALIGNMENT(.rel.gnu.linkonce.td.*))
 *(SORT_BY_ALIGNMENT(.rel.tbss) SORT_BY_ALIGNMENT(.rel.tbss.*) SORT_BY_ALIGNMENT(.rel.gnu.linkonce.tb.*))
 *(SORT_BY_ALIGNMENT(.rel.ctors))
 *(SORT_BY_ALIGNMENT(.rel.dtors))
 *(SORT_BY_ALIGNMENT(.rel.got))
 .rel.got       0x00000000000133f0        0x0 /workdir/staging_dir/_p2w_r619ac-128m/toolchain-arm_cortex-a7+neon-vfpv4_gcc-8.4.0_musl_eabi/bin/../lib/gcc/arm-openwrt-linux-muslgnueabi/8.4.0/../../../../arm-openwrt-linux-muslgnueabi/lib/crt1.o
 *(SORT_BY_ALIGNMENT(.rel.bss) SORT_BY_ALIGNMENT(.rel.bss.*) SORT_BY_ALIGNMENT(.rel.gnu.linkonce.b.*))
 .rel.bss       0x00000000000133f0       0x20 /workdir/staging_dir/_p2w_r619ac-128m/toolchain-arm_cortex-a7+neon-vfpv4_gcc-8.4.0_musl_eabi/bin/../lib/gcc/arm-openwrt-linux-muslgnueabi/8.4.0/../../../../arm-openwrt-linux-muslgnueabi/lib/crt1.o
                [!provide]                        PROVIDE (__rel_iplt_start = .)
 *(SORT_BY_ALIGNMENT(.rel.iplt))
 .rel.iplt      0x0000000000013410        0x0 /workdir/staging_dir/_p2w_r619ac-128m/toolchain-arm_cortex-a7+neon-vfpv4_gcc-8.4.0_musl_eabi/bin/../lib/gcc/arm-openwrt-linux-muslgnueabi/8.4.0/../../../../arm-openwrt-linux-muslgnueabi/lib/crt1.o
                [!provide]                        PROVIDE (__rel_iplt_end = .)

.rela.dyn       0x0000000000013410        0x0
 *(SORT_BY_ALIGNMENT(.rela.init))
 *(SORT_BY_ALIGNMENT(.rela.text) SORT_BY_ALIGNMENT(.rela.text.*) SORT_BY_ALIGNMENT(.rela.gnu.linkonce.t.*))
 *(SORT_BY_ALIGNMENT(.rela.fini))
 *(SORT_BY_ALIGNMENT(.rela.rodata) SORT_BY_ALIGNMENT(.rela.rodata.*) SORT_BY_ALIGNMENT(.rela.gnu.linkonce.r.*))
 *(SORT_BY_ALIGNMENT(.rela.data) SORT_BY_ALIGNMENT(.rela.data.*) SORT_BY_ALIGNMENT(.rela.gnu.linkonce.d.*))
 *(SORT_BY_ALIGNMENT(.rela.tdata) SORT_BY_ALIGNMENT(.rela.tdata.*) SORT_BY_ALIGNMENT(.rela.gnu.linkonce.td.*))
 *(SORT_BY_ALIGNMENT(.rela.tbss) SORT_BY_ALIGNMENT(.rela.tbss.*) SORT_BY_ALIGNMENT(.rela.gnu.linkonce.tb.*))
 *(SORT_BY_ALIGNMENT(.rela.ctors))
 *(SORT_BY_ALIGNMENT(.rela.dtors))
 *(SORT_BY_ALIGNMENT(.rela.got))
 *(SORT_BY_ALIGNMENT(.rela.bss) SORT_BY_ALIGNMENT(.rela.bss.*) SORT_BY_ALIGNMENT(.rela.gnu.linkonce.b.*))
                [!provide]                        PROVIDE (__rela_iplt_start = .)
 *(SORT_BY_ALIGNMENT(.rela.iplt))
                [!provide]                        PROVIDE (__rela_iplt_end = .)

.rel.plt        0x0000000000013410      0x960
 *(SORT_BY_ALIGNMENT(.rel.plt))
 .rel.plt       0x0000000000013410      0x960 /workdir/staging_dir/_p2w_r619ac-128m/toolchain-arm_cortex-a7+neon-vfpv4_gcc-8.4.0_musl_eabi/bin/../lib/gcc/arm-openwrt-linux-muslgnueabi/8.4.0/../../../../arm-openwrt-linux-muslgnueabi/lib/crt1.o

.rela.plt
 *(SORT_BY_ALIGNMENT(.rela.plt))

.init           0x0000000000013d70        0xc
 *(SORT_NONE(.init))
 .init          0x0000000000013d70        0x4 /workdir/staging_dir/_p2w_r619ac-128m/toolchain-arm_cortex-a7+neon-vfpv4_gcc-8.4.0_musl_eabi/bin/../lib/gcc/arm-openwrt-linux-muslgnueabi/8.4.0/../../../../arm-openwrt-linux-muslgnueabi/lib/crti.o
                0x0000000000013d70                _init
 .init          0x0000000000013d74        0x8 /workdir/staging_dir/_p2w_r619ac-128m/toolchain-arm_cortex-a7+neon-vfpv4_gcc-8.4.0_musl_eabi/bin/../lib/gcc/arm-openwrt-linux-muslgnueabi/8.4.0/../../../../arm-openwrt-linux-muslgnueabi/lib/crtn.o

.plt            0x0000000000013d7c      0xe24
 *(SORT_BY_ALIGNMENT(.plt))
 .plt           0x0000000000013d7c      0xe24 /workdir/staging_dir/_p2w_r619ac-128m/toolchain-arm_cortex-a7+neon-vfpv4_gcc-8.4.0_musl_eabi/bin/../lib/gcc/arm-openwrt-linux-muslgnueabi/8.4.0/../../../../arm-openwrt-linux-muslgnueabi/lib/crt1.o
                0x0000000000013d90                opendir
                0x0000000000013d9c                ctime
                0x0000000000013da8                getmntent
                0x0000000000013db4                execve
                0x0000000000013dc0                setitimer
                0x0000000000013dcc                fdopen
                0x0000000000013dd8                execvp
                0x0000000000013de4                getspnam_r
                0x0000000000013df0                setuid
                0x0000000000013dfc                feof_unlocked
                0x0000000000013e08                memcmp
                0x0000000000013e14                qsort
                0x0000000000013e20                ioctl
                0x0000000000013e2c                symlink
                0x0000000000013e38                setpriority
                0x0000000000013e44                flock
                0x0000000000013e50                sendmsg
                0x0000000000013e5c                fseeko
                0x0000000000013e68                realloc
                0x0000000000013e74                connect
                0x0000000000013e80                write
                0x0000000000013e8c                fchdir
                0x0000000000013e98                geteuid
                0x0000000000013ea4                dup2
                0x0000000000013eb0                _exit
                0x0000000000013ebc                vfork
                0x0000000000013ec8                mktemp
                0x0000000000013ed4                tcsetattr
                0x0000000000013ee0                ns_get32
                0x0000000000013eec                getgid
                0x0000000000013ef8                setsid
                0x0000000000013f04                endgrent
                0x0000000000013f10                sscanf
                0x0000000000013f1c                fsync
                0x0000000000013f28                umount2
                0x0000000000013f34                gettimeofday
                0x0000000000013f40                strcspn
                0x0000000000013f4c                srand
                0x0000000000013f58                pipe
                0x0000000000013f64                access
                0x0000000000013f70                snprintf
                0x0000000000013f7c                dup
                0x0000000000013f94                wait3
                0x0000000000013fa0                signal
                0x0000000000013fac                lseek
                0x0000000000013fb8                recvmsg
                0x0000000000013fc4                freopen
                0x0000000000013fd0                cos
                0x0000000000013fdc                getpid
                0x0000000000013fe8                strcmp
                0x0000000000013ff4                readdir
                0x0000000000014000                time
                0x000000000001400c                strndup
                0x0000000000014018                memset
                0x0000000000014024                setgid
                0x0000000000014030                stpcpy
                0x000000000001403c                unlink
                0x0000000000014048                putenv
                0x0000000000014054                regerror
                0x0000000000014060                getpriority
                0x000000000001406c                recvfrom
                0x0000000000014078                closelog
                0x0000000000014084                malloc
                0x0000000000014090                getcwd
                0x000000000001409c                fork
                0x00000000000140a8                strverscmp
                0x00000000000140b4                memmove
                0x00000000000140c0                gethostbyname
                0x00000000000140cc                strcat
                0x00000000000140d8                getmntent_r
                0x00000000000140e4                strcasestr
                0x00000000000140f0                rand
                0x00000000000140fc                fflush
                0x0000000000014108                log
                0x0000000000014114                fchown
                0x0000000000014120                strncmp
                0x000000000001412c                system
                0x0000000000014138                recv
                0x0000000000014144                strcpy
                0x0000000000014150                chroot
                0x000000000001415c                getgrnam
                0x0000000000014168                strrchr
                0x0000000000014174                sigsetjmp
                0x0000000000014180                fstat
                0x000000000001418c                clock_gettime
                0x0000000000014198                __aeabi_d2lz@@GCC_3.5
                0x00000000000141a4                getnameinfo
                0x00000000000141b0                lstat
                0x00000000000141bc                closedir
                0x00000000000141c8                dprintf
                0x00000000000141d4                strnlen
                0x00000000000141e0                fclose
                0x00000000000141ec                sqrt
                0x00000000000141f8                setjmp
                0x0000000000014204                chown
                0x0000000000014210                setenv
                0x000000000001421c                strdup
                0x0000000000014228                inet_addr
                0x0000000000014234                sleep
                0x0000000000014240                wait
                0x000000000001424c                open
                0x0000000000014258                pow
                0x0000000000014264                getgrgid
                0x0000000000014270                strtoll
                0x000000000001427c                strstr
                0x0000000000014288                ns_name_uncompress
                0x0000000000014294                vfprintf
                0x00000000000142a0                kill
                0x00000000000142ac                rename
                0x00000000000142b8                syslog
                0x00000000000142c4                strtok_r
                0x00000000000142d0                unsetenv
                0x00000000000142dc                getpwnam
                0x00000000000142e8                link
                0x00000000000142f4                fscanf
                0x0000000000014300                getsockname
                0x000000000001430c                perror
                0x0000000000014318                __aeabi_uldivmod@@GCC_3.5
                0x0000000000014324                strchr
                0x0000000000014330                strncasecmp
                0x000000000001433c                adjtimex
                0x0000000000014348                chmod
                0x0000000000014354                inet_pton
                0x0000000000014360                strspn
                0x000000000001436c                strpbrk
                0x0000000000014378                crypt
                0x0000000000014384                getgroups
                0x0000000000014390                bind
                0x000000000001439c                reboot
                0x00000000000143a8                getppid
                0x00000000000143b4                if_nametoindex
                0x00000000000143c0                poll
                0x00000000000143cc                fgets_unlocked
                0x00000000000143d8                mount
                0x00000000000143e4                getpwuid
                0x00000000000143f0                localtime_r
                0x00000000000143fc                popen
                0x0000000000014408                printf
                0x0000000000014414                fnmatch
                0x0000000000014420                waitpid
                0x000000000001442c                fwrite
                0x0000000000014438                getegid
                0x0000000000014444                __libc_start_main
                0x0000000000014450                regfree
                0x000000000001445c                alarm
                0x0000000000014468                ns_initparse
                0x0000000000014474                readlink
                0x0000000000014480                swapon
                0x000000000001448c                strncpy
                0x0000000000014498                tzset
                0x00000000000144a4                sigemptyset
                0x00000000000144b0                mempcpy
                0x00000000000144bc                getchar_unlocked
                0x00000000000144c8                setrlimit
                0x00000000000144e0                dirname
                0x00000000000144ec                exit
                0x00000000000144f8                raise
                0x0000000000014504                strptime
                0x0000000000014510                ttyname_r
                0x000000000001451c                fprintf
                0x0000000000014528                vprintf
                0x0000000000014534                strchrnul
                0x0000000000014540                memrchr
                0x000000000001454c                execlp
                0x0000000000014558                settimeofday
                0x0000000000014564                ns_get16
                0x0000000000014570                tcgetattr
                0x000000000001457c                utimes
                0x0000000000014588                freeaddrinfo
                0x0000000000014594                setegid
                0x00000000000145a0                getservbyname
                0x00000000000145ac                strtoul
                0x00000000000145b8                fread
                0x00000000000145c4                socket
                0x00000000000145d0                getsid
                0x00000000000145dc                close
                0x00000000000145e8                mkstemp
                0x00000000000145f4                sysconf
                0x0000000000014600                killpg
                0x000000000001460c                umask
                0x0000000000014618                putchar_unlocked
                0x0000000000014624                sin
                0x0000000000014630                regexec
                0x000000000001463c                fileno_unlocked
                0x0000000000014648                res_mkquery
                0x0000000000014654                getrlimit
                0x0000000000014660                execl
                0x000000000001466c                ns_parserr
                0x0000000000014678                inet_aton
                0x0000000000014684                setbuf
                0x0000000000014690                read
                0x000000000001469c                getgrouplist
                0x00000000000146a8                initgroups
                0x00000000000146b4                seteuid
                0x00000000000146c0                htons
                0x00000000000146cc                rmdir
                0x00000000000146d8                sigprocmask
                0x00000000000146e4                mknod
                0x00000000000146f0                htonl
                0x00000000000146fc                prctl
                0x0000000000014708                openlog
                0x0000000000014714                putc_unlocked
                0x0000000000014720                strtoull
                0x000000000001472c                __errno_location
                0x0000000000014738                setsockopt
                0x0000000000014744                bsearch
                0x0000000000014750                setmntent
                0x000000000001475c                clock_settime
                0x0000000000014768                mkdir
                0x0000000000014774                getpgrp
                0x0000000000014780                sigsuspend
                0x000000000001478c                fcntl
                0x0000000000014798                clearenv
                0x00000000000147a4                getservbyport
                0x00000000000147b0                clearerr
                0x00000000000147bc                fputs
                0x00000000000147c8                __aeabi_l2d@@GCC_3.5
                0x00000000000147d4                realpath
                0x00000000000147e0                vsnprintf
                0x00000000000147ec                setpgid
                0x00000000000147f8                chdir
                0x0000000000014804                sync
                0x0000000000014810                ftruncate
                0x000000000001481c                pivot_root
                0x0000000000014828                statfs
                0x0000000000014834                nanosleep
                0x0000000000014840                localtime
                0x000000000001484c                syscall
                0x0000000000014858                mkfifo
                0x0000000000014864                execv
                0x0000000000014870                times
                0x000000000001487c                statvfs
                0x0000000000014888                sendto
                0x0000000000014894                getopt
                0x00000000000148a0                free
                0x00000000000148ac                strftime
                0x00000000000148b8                tcflush
                0x00000000000148c4                pclose
                0x00000000000148d0                atoi
                0x00000000000148dc                stat
                0x00000000000148e8                isatty
                0x00000000000148f4                ungetc
                0x0000000000014900                memchr
                0x000000000001490c                hasmntopt
                0x0000000000014918                mktime
                0x0000000000014924                siglongjmp
                0x0000000000014930                inet_ntoa
                0x000000000001493c                puts
                0x0000000000014948                tcsetpgrp
                0x0000000000014954                endmntent
                0x0000000000014960                strerror
                0x000000000001496c                fopen
                0x0000000000014978                ferror_unlocked
                0x0000000000014984                longjmp
                0x0000000000014990                lchown
                0x000000000001499c                vasprintf
                0x00000000000149a8                fputs_unlocked
                0x00000000000149b4                ntohl
                0x00000000000149c0                strsignal
                0x00000000000149cc                ntohs
                0x00000000000149d8                getc_unlocked
                0x00000000000149e4                tcgetpgrp
                0x00000000000149f0                inet_ntop
                0x00000000000149fc                setpgrp
                0x0000000000014a08                sigaddset
                0x0000000000014a14                atan2
                0x0000000000014a20                gmtime_r
                0x0000000000014a2c                exp
                0x0000000000014a38                sprintf
                0x0000000000014a44                getenv
                0x0000000000014a50                sendfile
                0x0000000000014a5c                sigaction
                0x0000000000014a68                memcpy
                0x0000000000014a74                sigfillset
                0x0000000000014a80                fdatasync
                0x0000000000014a8c                sched_yield
                0x0000000000014a98                strtod
                0x0000000000014aa4                regcomp
                0x0000000000014ab0                uname
                0x0000000000014abc                strlen
                0x0000000000014ac8                shutdown
                0x0000000000014ad4                fchmod
                0x0000000000014ae0                klogctl
                0x0000000000014aec                strtol
                0x0000000000014af8                __aeabi_ldivmod@@GCC_3.5
                0x0000000000014b04                __stack_chk_fail
                0x0000000000014b10                usleep
                0x0000000000014b1c                mmap
                0x0000000000014b28                getopt_long
                0x0000000000014b34                mkdtemp
                0x0000000000014b40                swapoff
                0x0000000000014b4c                setgroups
                0x0000000000014b58                getaddrinfo
                0x0000000000014b64                strcasecmp
                0x0000000000014b70                getuid
                0x0000000000014b7c                strsep
                0x0000000000014b88                sysinfo
                0x0000000000014b94                getline

.iplt           0x0000000000014ba0        0x0
 *(SORT_BY_ALIGNMENT(.iplt))
 .iplt          0x0000000000014ba0        0x0 /workdir/staging_dir/_p2w_r619ac-128m/toolchain-arm_cortex-a7+neon-vfpv4_gcc-8.4.0_musl_eabi/bin/../lib/gcc/arm-openwrt-linux-muslgnueabi/8.4.0/../../../../arm-openwrt-linux-muslgnueabi/lib/crt1.o

.text           0x0000000000014ba0    0x4eaa4
 *(SORT_BY_ALIGNMENT(.text.unlikely) SORT_BY_ALIGNMENT(.text.*_unlikely) SORT_BY_ALIGNMENT(.text.unlikely.*))
 *(SORT_BY_ALIGNMENT(.text.exit) SORT_BY_ALIGNMENT(.text.exit.*))
 *(SORT_BY_ALIGNMENT(.text.startup) SORT_BY_ALIGNMENT(.text.startup.*))
 *(SORT_BY_ALIGNMENT(.text.hot) SORT_BY_ALIGNMENT(.text.hot.*))
 *(SORT_BY_NAME(SORT_BY_ALIGNMENT(.text.sorted.*)))
 *(SORT_BY_ALIGNMENT(.text) SORT_BY_ALIGNMENT(.stub) SORT_BY_ALIGNMENT(.text.*) SORT_BY_ALIGNMENT(.gnu.linkonce.t.*))
 .text.smart_ulltoa5.constprop.26
                0x0000000000014ba0      0x1ac /workdir/openwrt/tmp/ccmoovuF.ltrans0.ltrans.o
                0x0000000000014ba0                smart_ulltoa5.constprop.26
 *fill*         0x0000000000014d4c        0x4 
 .text.evaluate
                0x0000000000014d50      0xe58 /workdir/openwrt/tmp/ccmoovuF.ltrans1.ltrans.o
 .text.df_main  0x0000000000015ba8      0x348 /workdir/openwrt/tmp/ccmoovuF.ltrans2.ltrans.o
                0x0000000000015ba8                df_main
 .text.filter_datapoints
                0x0000000000015ef0       0xec /workdir/openwrt/tmp/ccmoovuF.ltrans6.ltrans.o
 *fill*         0x0000000000015fdc        0x4 
 .text.d_to_sfp
                0x0000000000015fe0       0x78 /workdir/openwrt/tmp/ccmoovuF.ltrans6.ltrans.o
 .text.d_to_lfp
                0x0000000000016058       0x58 /workdir/openwrt/tmp/ccmoovuF.ltrans6.ltrans.o
 .text.gettime1900d
                0x00000000000160b0       0x5c /workdir/openwrt/tmp/ccmoovuF.ltrans6.ltrans.o
 *fill*         0x000000000001610c        0x4 
 .text.step_time
                0x0000000000016110      0x178 /workdir/openwrt/tmp/ccmoovuF.ltrans6.ltrans.o
 .text.update_local_clock
                0x0000000000016288      0x36c /workdir/openwrt/tmp/ccmoovuF.ltrans6.ltrans.o
 *fill*         0x00000000000165f4        0x4 
 .text.recv_and_process_peer_pkt
                0x00000000000165f8      0x948 /workdir/openwrt/tmp/ccmoovuF.ltrans6.ltrans.o
 .text.ntpd_main
                0x0000000000016f40      0x54c /workdir/openwrt/tmp/ccmoovuF.ltrans6.ltrans.o
                0x0000000000016f40                ntpd_main
 *fill*         0x000000000001748c        0x4 
 .text.brctl_main
                0x0000000000017490      0xb54 /workdir/openwrt/tmp/ccmoovuF.ltrans7.ltrans.o
 .text          0x0000000000017fe4       0x24 /workdir/staging_dir/_p2w_r619ac-128m/toolchain-arm_cortex-a7+neon-vfpv4_gcc-8.4.0_musl_eabi/bin/../lib/gcc/arm-openwrt-linux-muslgnueabi/8.4.0/../../../../arm-openwrt-linux-muslgnueabi/lib/crt1.o
                0x0000000000017fe4                _start
 .text._start_c
                0x0000000000018008       0x3c /workdir/staging_dir/_p2w_r619ac-128m/toolchain-arm_cortex-a7+neon-vfpv4_gcc-8.4.0_musl_eabi/bin/../lib/gcc/arm-openwrt-linux-muslgnueabi/8.4.0/../../../../arm-openwrt-linux-muslgnueabi/lib/crt1.o
                0x0000000000018008                _start_c
 .text          0x0000000000018044       0x68 /workdir/staging_dir/_p2w_r619ac-128m/toolchain-arm_cortex-a7+neon-vfpv4_gcc-8.4.0_musl_eabi/bin/../lib/gcc/arm-openwrt-linux-muslgnueabi/8.4.0/crtbegin.o
 .text.askpass_timeout
                0x00000000000180ac        0x4 /workdir/openwrt/tmp/ccmoovuF.ltrans0.ltrans.o
 .text.__bswap_32.lto_priv.84
                0x00000000000180b0        0x8 /workdir/openwrt/tmp/ccmoovuF.ltrans0.ltrans.o
 .text.true_action.lto_priv.107
                0x00000000000180b8        0x8 /workdir/openwrt/tmp/ccmoovuF.ltrans0.ltrans.o
                0x00000000000180b8                true_action.lto_priv.107
 .text.fast_strtoul_10
                0x00000000000180c0       0x44 /workdir/openwrt/tmp/ccmoovuF.ltrans0.ltrans.o
 .text.remove_chunk
                0x0000000000018104       0x24 /workdir/openwrt/tmp/ccmoovuF.ltrans0.ltrans.o
 .text.in_ether
                0x0000000000018128       0xac /workdir/openwrt/tmp/ccmoovuF.ltrans0.ltrans.o
                0x0000000000018128                in_ether
 .text.sha1_process_block64
                0x00000000000181d4      0x1cc /workdir/openwrt/tmp/ccmoovuF.ltrans0.ltrans.o
 .text.sha256_process_block64.lto_priv.102
                0x00000000000183a0      0x1e0 /workdir/openwrt/tmp/ccmoovuF.ltrans0.ltrans.o
                0x00000000000183a0                sha256_process_block64.lto_priv.102
 .text.md5_process_block64.lto_priv.103
                0x0000000000018580      0x338 /workdir/openwrt/tmp/ccmoovuF.ltrans0.ltrans.o
                0x0000000000018580                md5_process_block64.lto_priv.103
 .text.func_prune
                0x00000000000188b8        0x8 /workdir/openwrt/tmp/ccmoovuF.ltrans0.ltrans.o
 .text.func_type
                0x00000000000188c0       0x1c /workdir/openwrt/tmp/ccmoovuF.ltrans0.ltrans.o
 .text.func_perm
                0x00000000000188dc       0x54 /workdir/openwrt/tmp/ccmoovuF.ltrans0.ltrans.o
 .text.func_newer
                0x0000000000018930       0x18 /workdir/openwrt/tmp/ccmoovuF.ltrans0.ltrans.o
 .text.func_user
                0x0000000000018948       0x18 /workdir/openwrt/tmp/ccmoovuF.ltrans0.ltrans.o
 .text.func_group
                0x0000000000018960       0x18 /workdir/openwrt/tmp/ccmoovuF.ltrans0.ltrans.o
 .text.func_size
                0x0000000000018978       0x50 /workdir/openwrt/tmp/ccmoovuF.ltrans0.ltrans.o
 .text.plus_minus_num
                0x00000000000189c8       0x14 /workdir/openwrt/tmp/ccmoovuF.ltrans0.ltrans.o
 .text.exec_actions
                0x00000000000189dc       0x70 /workdir/openwrt/tmp/ccmoovuF.ltrans0.ltrans.o
 .text.func_paren
                0x0000000000018a4c       0x14 /workdir/openwrt/tmp/ccmoovuF.ltrans0.ltrans.o
 .text.bb_pstrcmp
                0x0000000000018a60        0xc /workdir/openwrt/tmp/ccmoovuF.ltrans0.ltrans.o
 .text.put_prompt_custom
                0x0000000000018a6c       0x58 /workdir/openwrt/tmp/ccmoovuF.ltrans0.ltrans.o
 .text.store_param
                0x0000000000018ac4       0x48 /workdir/openwrt/tmp/ccmoovuF.ltrans0.ltrans.o
 .text.common64_end
                0x0000000000018b0c       0x98 /workdir/openwrt/tmp/ccmoovuF.ltrans0.ltrans.o
 .text.alloc_action
                0x0000000000018ba4       0x68 /workdir/openwrt/tmp/ccmoovuF.ltrans0.ltrans.o
 .text.sha1_end
                0x0000000000018c0c       0x90 /workdir/openwrt/tmp/ccmoovuF.ltrans0.ltrans.o
                0x0000000000018c0c                sha1_end
 .text.md5_end  0x0000000000018c9c       0x60 /workdir/openwrt/tmp/ccmoovuF.ltrans0.ltrans.o
                0x0000000000018c9c                md5_end
 .text.save_command_ps_at_cur_history
                0x0000000000018cfc       0x54 /workdir/openwrt/tmp/ccmoovuF.ltrans0.ltrans.o
 .text.build_match_prefix
                0x0000000000018d50      0x330 /workdir/openwrt/tmp/ccmoovuF.ltrans0.ltrans.o
 .text.quote_special_chars
                0x0000000000019080       0x68 /workdir/openwrt/tmp/ccmoovuF.ltrans0.ltrans.o
 .text.xgroup2gid
                0x00000000000190e8       0x2c /workdir/openwrt/tmp/ccmoovuF.ltrans0.ltrans.o
 .text.get_uidgid
                0x0000000000019114      0x12c /workdir/openwrt/tmp/ccmoovuF.ltrans0.ltrans.o
 .text.fopen_for_read
                0x0000000000019240        0xc /workdir/openwrt/tmp/ccmoovuF.ltrans0.ltrans.o
                0x0000000000019240                fopen_for_read
 .text.func_mtime
                0x000000000001924c       0x90 /workdir/openwrt/tmp/ccmoovuF.ltrans0.ltrans.o
 .text.func_mmin
                0x00000000000192dc       0x7c /workdir/openwrt/tmp/ccmoovuF.ltrans0.ltrans.o
 .text.read_to_buf
                0x0000000000019358       0x48 /workdir/openwrt/tmp/ccmoovuF.ltrans0.ltrans.o
 .text.string_checker_helper
                0x00000000000193a0       0x40 /workdir/openwrt/tmp/ccmoovuF.ltrans0.ltrans.o
 .text.fileAction
                0x00000000000193e0       0xf8 /workdir/openwrt/tmp/ccmoovuF.ltrans0.ltrans.o
 .text.func_print
                0x00000000000194d8       0x10 /workdir/openwrt/tmp/ccmoovuF.ltrans0.ltrans.o
 .text.print_line
                0x00000000000194e8       0xc4 /workdir/openwrt/tmp/ccmoovuF.ltrans0.ltrans.o
 .text.func_print0
                0x00000000000195ac       0x20 /workdir/openwrt/tmp/ccmoovuF.ltrans0.ltrans.o
 .text.bb_ask_y_confirmation_FILE
                0x00000000000195cc       0x54 /workdir/openwrt/tmp/ccmoovuF.ltrans0.ltrans.o
 .text.uid2uname_utoa
                0x0000000000019620       0x2c /workdir/openwrt/tmp/ccmoovuF.ltrans0.ltrans.o
                0x0000000000019620                uid2uname_utoa
 .text.gid2group_utoa
                0x000000000001964c       0x2c /workdir/openwrt/tmp/ccmoovuF.ltrans0.ltrans.o
                0x000000000001964c                gid2group_utoa
 .text.process_stdin
                0x0000000000019678      0x164 /workdir/openwrt/tmp/ccmoovuF.ltrans0.ltrans.o
 .text.process0_stdin
                0x00000000000197dc       0x70 /workdir/openwrt/tmp/ccmoovuF.ltrans0.ltrans.o
 .text.load_pattern_list
                0x000000000001984c       0x4c /workdir/openwrt/tmp/ccmoovuF.ltrans0.ltrans.o
 .text.func_regex
                0x0000000000019898       0x4c /workdir/openwrt/tmp/ccmoovuF.ltrans0.ltrans.o
 .text.func_name
                0x00000000000198e4       0xbc /workdir/openwrt/tmp/ccmoovuF.ltrans0.ltrans.o
 .text.func_path
                0x00000000000199a0       0x30 /workdir/openwrt/tmp/ccmoovuF.ltrans0.ltrans.o
 .text.func_exec
                0x00000000000199d0      0x16c /workdir/openwrt/tmp/ccmoovuF.ltrans0.ltrans.o
 .text.xstrtoull_range_sfx.constprop.67
                0x0000000000019b3c      0x150 /workdir/openwrt/tmp/ccmoovuF.ltrans0.ltrans.o
                0x0000000000019b3c                xstrtoull_range_sfx.constprop.67
 .text.bb_strtoll.constprop.60
                0x0000000000019c8c       0x78 /workdir/openwrt/tmp/ccmoovuF.ltrans0.ltrans.o
                0x0000000000019c8c                bb_strtoll.constprop.60
 .text.log7.constprop.55
                0x0000000000019d04       0x44 /workdir/openwrt/tmp/ccmoovuF.ltrans0.ltrans.o
                0x0000000000019d04                log7.constprop.55
 .text.xsocket_type.constprop.50
                0x0000000000019d48       0x7c /workdir/openwrt/tmp/ccmoovuF.ltrans0.ltrans.o
                0x0000000000019d48                xsocket_type.constprop.50
 .text.recv_from_to.constprop.46
                0x0000000000019dc4      0x16c /workdir/openwrt/tmp/ccmoovuF.ltrans0.ltrans.o
                0x0000000000019dc4                recv_from_to.constprop.46
 .text.sendping_tail.constprop.43
                0x0000000000019f30      0x13c /workdir/openwrt/tmp/ccmoovuF.ltrans0.ltrans.o
                0x0000000000019f30                sendping_tail.constprop.43
 .text.ll_addr_n2a.constprop.41
                0x000000000001a06c       0xc8 /workdir/openwrt/tmp/ccmoovuF.ltrans0.ltrans.o
                0x000000000001a06c                ll_addr_n2a.constprop.41
 .text.rta_addattr32.constprop.35
                0x000000000001a134       0x98 /workdir/openwrt/tmp/ccmoovuF.ltrans0.ltrans.o
                0x000000000001a134                rta_addattr32.constprop.35
 .text.udhcp_read_interface.constprop.31
                0x000000000001a1cc      0x124 /workdir/openwrt/tmp/ccmoovuF.ltrans0.ltrans.o
                0x000000000001a1cc                udhcp_read_interface.constprop.31
 .text.attach_option.constprop.30
                0x000000000001a2f0      0x338 /workdir/openwrt/tmp/ccmoovuF.ltrans0.ltrans.o
                0x000000000001a2f0                attach_option.constprop.30
 .text.udhcp_option_idx.constprop.28
                0x000000000001a628       0x84 /workdir/openwrt/tmp/ccmoovuF.ltrans0.ltrans.o
                0x000000000001a628                udhcp_option_idx.constprop.28
 .text.legal_pathopt.constprop.23
                0x000000000001a6ac       0x44 /workdir/openwrt/tmp/ccmoovuF.ltrans0.ltrans.o
                0x000000000001a6ac                legal_pathopt.constprop.23
 .text.listvars.constprop.19
                0x000000000001a6f0       0xa4 /workdir/openwrt/tmp/ccmoovuF.ltrans0.ltrans.o
                0x000000000001a6f0                listvars.constprop.19
 .text.ash_msg_and_raise.constprop.18
                0x000000000001a794       0x28 /workdir/openwrt/tmp/ccmoovuF.ltrans0.ltrans.o
                0x000000000001a794                ash_msg_and_raise.constprop.18
 .text.xrealloc_getcwd_or_warn.constprop.16
                0x000000000001a7bc       0x7c /workdir/openwrt/tmp/ccmoovuF.ltrans0.ltrans.o
                0x000000000001a7bc                xrealloc_getcwd_or_warn.constprop.16
 .text.redirectsafe.constprop.13
                0x000000000001a838       0xbc /workdir/openwrt/tmp/ccmoovuF.ltrans0.ltrans.o
                0x000000000001a838                redirectsafe.constprop.13
 .text.xregcomp
                0x000000000001a8f4       0x64 /workdir/openwrt/tmp/ccmoovuF.ltrans0.ltrans.o
                0x000000000001a8f4                xregcomp
 .text.xrealloc_vector_helper
                0x000000000001a958       0x50 /workdir/openwrt/tmp/ccmoovuF.ltrans0.ltrans.o
                0x000000000001a958                xrealloc_vector_helper
 .text.add_match
                0x000000000001a9a8       0x5c /workdir/openwrt/tmp/ccmoovuF.ltrans0.ltrans.o
 .text.complete_cmd_dir_file
                0x000000000001aa04      0x35c /workdir/openwrt/tmp/ccmoovuF.ltrans0.ltrans.o
 .text.xmalloc_realpath
                0x000000000001ad60       0x24 /workdir/openwrt/tmp/ccmoovuF.ltrans0.ltrans.o
                0x000000000001ad60                xmalloc_realpath
 .text.xmalloc_readlink
                0x000000000001ad84       0x64 /workdir/openwrt/tmp/ccmoovuF.ltrans0.ltrans.o
                0x000000000001ad84                xmalloc_readlink
 .text.xmalloc_realpath_coreutils
                0x000000000001ade8      0x100 /workdir/openwrt/tmp/ccmoovuF.ltrans0.ltrans.o
                0x000000000001ade8                xmalloc_realpath_coreutils
 .text.xmalloc_readlink_or_warn
                0x000000000001aee8       0x54 /workdir/openwrt/tmp/ccmoovuF.ltrans0.ltrans.o
                0x000000000001aee8                xmalloc_readlink_or_warn
 .text.sockaddr2str.lto_priv.228
                0x000000000001af3c       0xb4 /workdir/openwrt/tmp/ccmoovuF.ltrans0.ltrans.o
                0x000000000001af3c                sockaddr2str.lto_priv.228
 .text.xmalloc_sockaddr2dotted_noport
                0x000000000001aff0        0x8 /workdir/openwrt/tmp/ccmoovuF.ltrans0.ltrans.o
                0x000000000001aff0                xmalloc_sockaddr2dotted_noport
 .text.set_nport
                0x000000000001aff8       0x20 /workdir/openwrt/tmp/ccmoovuF.ltrans0.ltrans.o
                0x000000000001aff8                set_nport
 .text.str2sockaddr.lto_priv.113
                0x000000000001b018      0x2d0 /workdir/openwrt/tmp/ccmoovuF.ltrans0.ltrans.o
                0x000000000001b018                str2sockaddr.lto_priv.113
 .text.xconnect
                0x000000000001b2e8       0x48 /workdir/openwrt/tmp/ccmoovuF.ltrans0.ltrans.o
                0x000000000001b2e8                xconnect
 .text.get_sock_lsa
                0x000000000001b330       0xd4 /workdir/openwrt/tmp/ccmoovuF.ltrans0.ltrans.o
                0x000000000001b330                get_sock_lsa
 .text.setsockopt_bindtodevice
                0x000000000001b404       0x58 /workdir/openwrt/tmp/ccmoovuF.ltrans0.ltrans.o
                0x000000000001b404                setsockopt_bindtodevice
 .text.setsockopt_int
                0x000000000001b45c       0x20 /workdir/openwrt/tmp/ccmoovuF.ltrans0.ltrans.o
                0x000000000001b45c                setsockopt_int
 .text.setsockopt_SOL_SOCKET_1
                0x000000000001b47c       0x10 /workdir/openwrt/tmp/ccmoovuF.ltrans0.ltrans.o
                0x000000000001b47c                setsockopt_SOL_SOCKET_1
 .text.setsockopt_1
                0x000000000001b48c        0x8 /workdir/openwrt/tmp/ccmoovuF.ltrans0.ltrans.o
                0x000000000001b48c                setsockopt_1
 .text.open_or_warn_stdin
                0x000000000001b494       0x3c /workdir/openwrt/tmp/ccmoovuF.ltrans0.ltrans.o
                0x000000000001b494                open_or_warn_stdin
 .text.xfdopen_helper.lto_priv.98
                0x000000000001b4d0       0x30 /workdir/openwrt/tmp/ccmoovuF.ltrans0.ltrans.o
                0x000000000001b4d0                xfdopen_helper.lto_priv.98
 .text.xfopen_for_read
                0x000000000001b500        0xc /workdir/openwrt/tmp/ccmoovuF.ltrans0.ltrans.o
                0x000000000001b500                xfopen_for_read
 .text.xargs_main
                0x000000000001b50c      0x320 /workdir/openwrt/tmp/ccmoovuF.ltrans0.ltrans.o
                0x000000000001b50c                xargs_main
 .text.fopen_or_warn
                0x000000000001b82c       0x24 /workdir/openwrt/tmp/ccmoovuF.ltrans0.ltrans.o
                0x000000000001b82c                fopen_or_warn
 .text.fopen_or_warn_stdin
                0x000000000001b850       0x44 /workdir/openwrt/tmp/ccmoovuF.ltrans0.ltrans.o
                0x000000000001b850                fopen_or_warn_stdin
 .text.xfopen_stdin
                0x000000000001b894       0x14 /workdir/openwrt/tmp/ccmoovuF.ltrans0.ltrans.o
                0x000000000001b894                xfopen_stdin
 .text.get_signum
                0x000000000001b8a8       0x78 /workdir/openwrt/tmp/ccmoovuF.ltrans0.ltrans.o
                0x000000000001b8a8                get_signum
 .text.skip_non_whitespace
                0x000000000001b920       0x24 /workdir/openwrt/tmp/ccmoovuF.ltrans0.ltrans.o
                0x000000000001b920                skip_non_whitespace
 .text.skip_whitespace
                0x000000000001b944       0x20 /workdir/openwrt/tmp/ccmoovuF.ltrans0.ltrans.o
                0x000000000001b944                skip_whitespace
 .text.trim     0x000000000001b964       0x78 /workdir/openwrt/tmp/ccmoovuF.ltrans0.ltrans.o
                0x000000000001b964                trim
 .text.bb_simplify_path
                0x000000000001b9dc       0xf4 /workdir/openwrt/tmp/ccmoovuF.ltrans0.ltrans.o
                0x000000000001b9dc                bb_simplify_path
 .text.setup_environment
                0x000000000001bad0      0x11c /workdir/openwrt/tmp/ccmoovuF.ltrans0.ltrans.o
                0x000000000001bad0                setup_environment
 .text.safe_poll
                0x000000000001bbec       0x60 /workdir/openwrt/tmp/ccmoovuF.ltrans0.ltrans.o
                0x000000000001bbec                safe_poll
 .text.safe_gethostname
                0x000000000001bc4c       0x34 /workdir/openwrt/tmp/ccmoovuF.ltrans0.ltrans.o
                0x000000000001bc4c                safe_gethostname
 .text.rtc_xopen
                0x000000000001bc80       0xb4 /workdir/openwrt/tmp/ccmoovuF.ltrans0.ltrans.o
                0x000000000001bc80                rtc_xopen
 .text.xread    0x000000000001bd34       0x24 /workdir/openwrt/tmp/ccmoovuF.ltrans0.ltrans.o
                0x000000000001bd34                xread
 .text.setup_transformer_on_fd.constprop.11
                0x000000000001bd58       0x5c /workdir/openwrt/tmp/ccmoovuF.ltrans0.ltrans.o
                0x000000000001bd58                setup_transformer_on_fd.constprop.11
 .text.nonblock_immune_read
                0x000000000001bdb4       0x68 /workdir/openwrt/tmp/ccmoovuF.ltrans0.ltrans.o
                0x000000000001bdb4                nonblock_immune_read
 .text.read_key
                0x000000000001be1c      0x2d0 /workdir/openwrt/tmp/ccmoovuF.ltrans0.ltrans.o
                0x000000000001be1c                read_key
 .text.pw_encrypt
                0x000000000001c0ec       0x30 /workdir/openwrt/tmp/ccmoovuF.ltrans0.ltrans.o
                0x000000000001c0ec                pw_encrypt
 .text.i64c.lto_priv.229
                0x000000000001c11c       0x40 /workdir/openwrt/tmp/ccmoovuF.ltrans0.ltrans.o
                0x000000000001c11c                i64c.lto_priv.229
 .text.read_cmdline
                0x000000000001c15c      0x164 /workdir/openwrt/tmp/ccmoovuF.ltrans0.ltrans.o
                0x000000000001c15c                read_cmdline
 .text.procps_scan
                0x000000000001c2c0      0x3f0 /workdir/openwrt/tmp/ccmoovuF.ltrans0.ltrans.o
                0x000000000001c2c0                procps_scan
 .text.get_cached.lto_priv.109
                0x000000000001c6b0       0x94 /workdir/openwrt/tmp/ccmoovuF.ltrans0.ltrans.o
                0x000000000001c6b0                get_cached.lto_priv.109
 .text.bb_process_escape_sequence
                0x000000000001c744       0xd4 /workdir/openwrt/tmp/ccmoovuF.ltrans0.ltrans.o
                0x000000000001c744                bb_process_escape_sequence
 .text.write_pidfile
                0x000000000001c818       0xa0 /workdir/openwrt/tmp/ccmoovuF.ltrans0.ltrans.o
                0x000000000001c818                write_pidfile
 .text.bb_perror_nomsg_and_die
                0x000000000001c8b8        0x8 /workdir/openwrt/tmp/ccmoovuF.ltrans0.ltrans.o
                0x000000000001c8b8                bb_perror_nomsg_and_die
 .text.halt_main
                0x000000000001c8c0       0xb8 /workdir/openwrt/tmp/ccmoovuF.ltrans0.ltrans.o
                0x000000000001c8c0                halt_main
 .text.bb_parse_mode
                0x000000000001c978      0x208 /workdir/openwrt/tmp/ccmoovuF.ltrans0.ltrans.o
                0x000000000001c978                bb_parse_mode
 .text.config_read
                0x000000000001cb80      0x2d4 /workdir/openwrt/tmp/ccmoovuF.ltrans0.ltrans.o
                0x000000000001cb80                config_read
 .text.config_close
                0x000000000001ce54       0x30 /workdir/openwrt/tmp/ccmoovuF.ltrans0.ltrans.o
                0x000000000001ce54                config_close
 .text.config_open2
                0x000000000001ce84       0x28 /workdir/openwrt/tmp/ccmoovuF.ltrans0.ltrans.o
                0x000000000001ce84                config_open2
 .text.nuke_str
                0x000000000001ceac       0x24 /workdir/openwrt/tmp/ccmoovuF.ltrans0.ltrans.o
                0x000000000001ceac                nuke_str
 .text.bb_ask_noecho.constprop.57
                0x000000000001ced0      0x198 /workdir/openwrt/tmp/ccmoovuF.ltrans0.ltrans.o
                0x000000000001ced0                bb_ask_noecho.constprop.57
 .text.string_checker.lto_priv.230
                0x000000000001d068       0x7c /workdir/openwrt/tmp/ccmoovuF.ltrans0.ltrans.o
                0x000000000001d068                string_checker.lto_priv.230
 .text.bb_mode_string
                0x000000000001d0e4       0xa0 /workdir/openwrt/tmp/ccmoovuF.ltrans0.ltrans.o
                0x000000000001d0e4                bb_mode_string
 .text.fstype_matches
                0x000000000001d184       0x80 /workdir/openwrt/tmp/ccmoovuF.ltrans0.ltrans.o
                0x000000000001d184                fstype_matches
 .text.bb_make_directory
                0x000000000001d204      0x1a4 /workdir/openwrt/tmp/ccmoovuF.ltrans0.ltrans.o
                0x000000000001d204                bb_make_directory
 .text.del_loop
                0x000000000001d3a8       0x38 /workdir/openwrt/tmp/ccmoovuF.ltrans0.ltrans.o
                0x000000000001d3a8                del_loop
 .text.sanitize_env_if_suid
                0x000000000001d3e0       0x5c /workdir/openwrt/tmp/ccmoovuF.ltrans0.ltrans.o
                0x000000000001d3e0                sanitize_env_if_suid
 .text.parse_and_put_prompt.lto_priv.167
                0x000000000001d43c      0x3a0 /workdir/openwrt/tmp/ccmoovuF.ltrans0.ltrans.o
                0x000000000001d43c                parse_and_put_prompt.lto_priv.167
 .text.get_next_history.lto_priv.177
                0x000000000001d7dc       0x58 /workdir/openwrt/tmp/ccmoovuF.ltrans0.ltrans.o
                0x000000000001d7dc                get_next_history.lto_priv.177
 .text.get_previous_history.lto_priv.178
                0x000000000001d834       0x58 /workdir/openwrt/tmp/ccmoovuF.ltrans0.ltrans.o
                0x000000000001d834                get_previous_history.lto_priv.178
 .text.free_tab_completion_data.lto_priv.182
                0x000000000001d88c       0x4c /workdir/openwrt/tmp/ccmoovuF.ltrans0.ltrans.o
                0x000000000001d88c                free_tab_completion_data.lto_priv.182
 .text.input_backward.lto_priv.170
                0x000000000001d8d8       0xcc /workdir/openwrt/tmp/ccmoovuF.ltrans0.ltrans.o
                0x000000000001d8d8                input_backward.lto_priv.170
 .text.ctrl_left.lto_priv.180
                0x000000000001d9a4       0x94 /workdir/openwrt/tmp/ccmoovuF.ltrans0.ltrans.o
                0x000000000001d9a4                ctrl_left.lto_priv.180
 .text.put_cur_glyph_and_inc_cursor.lto_priv.181
                0x000000000001da38       0x70 /workdir/openwrt/tmp/ccmoovuF.ltrans0.ltrans.o
                0x000000000001da38                put_cur_glyph_and_inc_cursor.lto_priv.181
 .text.input_forward.lto_priv.172
                0x000000000001daa8       0x1c /workdir/openwrt/tmp/ccmoovuF.ltrans0.ltrans.o
                0x000000000001daa8                input_forward.lto_priv.172
 .text.ctrl_right.lto_priv.179
                0x000000000001dac4       0x80 /workdir/openwrt/tmp/ccmoovuF.ltrans0.ltrans.o
                0x000000000001dac4                ctrl_right.lto_priv.179
 .text.put_till_end_and_adv_cursor.lto_priv.171
                0x000000000001db44       0x24 /workdir/openwrt/tmp/ccmoovuF.ltrans0.ltrans.o
                0x000000000001db44                put_till_end_and_adv_cursor.lto_priv.171
 .text.input_delete.lto_priv.174
                0x000000000001db68       0x64 /workdir/openwrt/tmp/ccmoovuF.ltrans0.ltrans.o
                0x000000000001db68                input_delete.lto_priv.174
 .text.input_backspace.lto_priv.173
                0x000000000001dbcc       0x2c /workdir/openwrt/tmp/ccmoovuF.ltrans0.ltrans.o
                0x000000000001dbcc                input_backspace.lto_priv.173
 .text.draw_custom.lto_priv.176
                0x000000000001dbf8       0x4c /workdir/openwrt/tmp/ccmoovuF.ltrans0.ltrans.o
                0x000000000001dbf8                draw_custom.lto_priv.176
 .text.goto_new_line.lto_priv.169
                0x000000000001dc44       0x38 /workdir/openwrt/tmp/ccmoovuF.ltrans0.ltrans.o
                0x000000000001dc44                goto_new_line.lto_priv.169
 .text.input_tab.lto_priv.175
                0x000000000001dc7c      0x410 /workdir/openwrt/tmp/ccmoovuF.ltrans0.ltrans.o
                0x000000000001dc7c                input_tab.lto_priv.175
 .text.deinit_S.lto_priv.168
                0x000000000001e08c       0x44 /workdir/openwrt/tmp/ccmoovuF.ltrans0.ltrans.o
                0x000000000001e08c                deinit_S.lto_priv.168
 .text.add_to_ino_dev_hashtable
                0x000000000001e0d0       0xac /workdir/openwrt/tmp/ccmoovuF.ltrans0.ltrans.o
                0x000000000001e0d0                add_to_ino_dev_hashtable
 .text.is_in_ino_dev_hashtable
                0x000000000001e17c       0x94 /workdir/openwrt/tmp/ccmoovuF.ltrans0.ltrans.o
                0x000000000001e17c                is_in_ino_dev_hashtable
 .text.INET6_rresolve
                0x000000000001e210       0x90 /workdir/openwrt/tmp/ccmoovuF.ltrans0.ltrans.o
                0x000000000001e210                INET6_rresolve
 .text.INET6_resolve
                0x000000000001e2a0       0xb8 /workdir/openwrt/tmp/ccmoovuF.ltrans0.ltrans.o
                0x000000000001e2a0                INET6_resolve
 .text.INET_rresolve
                0x000000000001e358      0x120 /workdir/openwrt/tmp/ccmoovuF.ltrans0.ltrans.o
                0x000000000001e358                INET_rresolve
 .text.INET_resolve
                0x000000000001e478       0xfc /workdir/openwrt/tmp/ccmoovuF.ltrans0.ltrans.o
                0x000000000001e478                INET_resolve
 .text.inet_cksum
                0x000000000001e574       0x3c /workdir/openwrt/tmp/ccmoovuF.ltrans0.ltrans.o
                0x000000000001e574                inet_cksum
 .text.udhcp_send_raw_packet.constprop.34
                0x000000000001e5b0      0x230 /workdir/openwrt/tmp/ccmoovuF.ltrans0.ltrans.o
                0x000000000001e5b0                udhcp_send_raw_packet.constprop.34
 .text.md5_hash
                0x000000000001e7e0       0x8c /workdir/openwrt/tmp/ccmoovuF.ltrans0.ltrans.o
                0x000000000001e7e0                md5_hash
 .text.make_all_argv_opts
                0x000000000001e86c       0x5c /workdir/openwrt/tmp/ccmoovuF.ltrans0.ltrans.o
                0x000000000001e86c                make_all_argv_opts
 .text.get_shell_name
                0x000000000001e8c8       0x60 /workdir/openwrt/tmp/ccmoovuF.ltrans0.ltrans.o
                0x000000000001e8c8                get_shell_name
 .text.bb_get_chunk_from_file
                0x000000000001e928       0x9c /workdir/openwrt/tmp/ccmoovuF.ltrans0.ltrans.o
                0x000000000001e928                bb_get_chunk_from_file
 .text.xmalloc_fgetline
                0x000000000001e9c4       0x38 /workdir/openwrt/tmp/ccmoovuF.ltrans0.ltrans.o
                0x000000000001e9c4                xmalloc_fgetline
 .text.update_passwd
                0x000000000001e9fc      0x464 /workdir/openwrt/tmp/ccmoovuF.ltrans0.ltrans.o
                0x000000000001e9fc                update_passwd
 .text.grep_file
                0x000000000001ee60      0x550 /workdir/openwrt/tmp/ccmoovuF.ltrans0.ltrans.o
 .text.file_action_grep
                0x000000000001f3b0       0xd0 /workdir/openwrt/tmp/ccmoovuF.ltrans0.ltrans.o
 .text.find_pid_by_name
                0x000000000001f480      0x120 /workdir/openwrt/tmp/ccmoovuF.ltrans0.ltrans.o
                0x000000000001f480                find_pid_by_name
 .text.find_mount_point
                0x000000000001f5a0      0x120 /workdir/openwrt/tmp/ccmoovuF.ltrans0.ltrans.o
                0x000000000001f5a0                find_mount_point
 .text.fflush_stdout_and_exit
                0x000000000001f6c0       0x38 /workdir/openwrt/tmp/ccmoovuF.ltrans0.ltrans.o
                0x000000000001f6c0                fflush_stdout_and_exit
 .text.fclose_if_not_stdin
                0x000000000001f6f8       0x4c /workdir/openwrt/tmp/ccmoovuF.ltrans0.ltrans.o
                0x000000000001f6f8                fclose_if_not_stdin
 .text.endofname
                0x000000000001f744       0x44 /workdir/openwrt/tmp/ccmoovuF.ltrans0.ltrans.o
                0x000000000001f744                endofname
 .text.bb_dump_size.isra.0.lto_priv.115
                0x000000000001f788      0x134 /workdir/openwrt/tmp/ccmoovuF.ltrans0.ltrans.o
                0x000000000001f788                bb_dump_size.isra.0.lto_priv.115
 .text.bb_dump_add
                0x000000000001f8bc      0x1f0 /workdir/openwrt/tmp/ccmoovuF.ltrans0.ltrans.o
                0x000000000001f8bc                bb_dump_add
 .text.next.lto_priv.116
                0x000000000001faac      0x170 /workdir/openwrt/tmp/ccmoovuF.ltrans0.ltrans.o
                0x000000000001faac                next.lto_priv.116
 .text.rewrite.lto_priv.114
                0x000000000001fc1c      0x4a4 /workdir/openwrt/tmp/ccmoovuF.ltrans0.ltrans.o
                0x000000000001fc1c                rewrite.lto_priv.114
 .text.crc32_filltable
                0x00000000000200c0       0x88 /workdir/openwrt/tmp/ccmoovuF.ltrans0.ltrans.o
                0x00000000000200c0                crc32_filltable
 .text.get_passwd.lto_priv.231
                0x0000000000020148       0x84 /workdir/openwrt/tmp/ccmoovuF.ltrans0.ltrans.o
                0x0000000000020148                get_passwd.lto_priv.231
 .text.concat_subpath_file
                0x00000000000201cc       0x38 /workdir/openwrt/tmp/ccmoovuF.ltrans0.ltrans.o
                0x00000000000201cc                concat_subpath_file
 .text.recursive_action1.lto_priv.110
                0x0000000000020204      0x1c0 /workdir/openwrt/tmp/ccmoovuF.ltrans0.ltrans.o
                0x0000000000020204                recursive_action1.lto_priv.110
 .text.grep_main
                0x00000000000203c4      0x41c /workdir/openwrt/tmp/ccmoovuF.ltrans0.ltrans.o
                0x00000000000203c4                grep_main
 .text.change_identity
                0x00000000000207e0       0x70 /workdir/openwrt/tmp/ccmoovuF.ltrans0.ltrans.o
                0x00000000000207e0                change_identity
 .text.xgetpwuid
                0x0000000000020850       0x24 /workdir/openwrt/tmp/ccmoovuF.ltrans0.ltrans.o
                0x0000000000020850                xgetpwuid
 .text.xgetpwnam
                0x0000000000020874       0x24 /workdir/openwrt/tmp/ccmoovuF.ltrans0.ltrans.o
                0x0000000000020874                xgetpwnam
 .text.xuname2uid
                0x0000000000020898       0x10 /workdir/openwrt/tmp/ccmoovuF.ltrans0.ltrans.o
                0x0000000000020898                xuname2uid
 .text.parse_chown_usergroup_or_die
                0x00000000000208a8       0xf0 /workdir/openwrt/tmp/ccmoovuF.ltrans0.ltrans.o
                0x00000000000208a8                parse_chown_usergroup_or_die
 .text.parse_params
                0x0000000000020998      0x6a0 /workdir/openwrt/tmp/ccmoovuF.ltrans0.ltrans.o
 .text.find_main
                0x0000000000021038      0x208 /workdir/openwrt/tmp/ccmoovuF.ltrans0.ltrans.o
                0x0000000000021038                find_main
 .text.bb_cat   0x0000000000021240       0x78 /workdir/openwrt/tmp/ccmoovuF.ltrans0.ltrans.o
                0x0000000000021240                bb_cat
 .text.auto_string
                0x00000000000212b8       0x3c /workdir/openwrt/tmp/ccmoovuF.ltrans0.ltrans.o
                0x00000000000212b8                auto_string
 .text.printable_string2
                0x00000000000212f4       0x78 /workdir/openwrt/tmp/ccmoovuF.ltrans0.ltrans.o
                0x00000000000212f4                printable_string2
 .text.make_human_readable_str
                0x000000000002136c      0x134 /workdir/openwrt/tmp/ccmoovuF.ltrans0.ltrans.o
                0x000000000002136c                make_human_readable_str
 .text.bb_ask_y_confirmation
                0x00000000000214a0       0x10 /workdir/openwrt/tmp/ccmoovuF.ltrans0.ltrans.o
                0x00000000000214a0                bb_ask_y_confirmation
 .text.remove_file
                0x00000000000214b0      0x24c /workdir/openwrt/tmp/ccmoovuF.ltrans0.ltrans.o
                0x00000000000214b0                remove_file
 .text.ask_and_unlink
                0x00000000000216fc       0x8c /workdir/openwrt/tmp/ccmoovuF.ltrans0.ltrans.o
 .text.copy_file
                0x0000000000021788      0x644 /workdir/openwrt/tmp/ccmoovuF.ltrans0.ltrans.o
                0x0000000000021788                copy_file
 .text.end_cmd_q
                0x0000000000021dcc       0x20 /workdir/openwrt/tmp/ccmoovuF.ltrans1.ltrans.o
 .text.dot_skip_over_ws
                0x0000000000021dec       0x58 /workdir/openwrt/tmp/ccmoovuF.ltrans1.ltrans.o
 .text.dot_right
                0x0000000000021e44       0x30 /workdir/openwrt/tmp/ccmoovuF.ltrans1.ltrans.o
 .text.dot_left
                0x0000000000021e74       0x30 /workdir/openwrt/tmp/ccmoovuF.ltrans1.ltrans.o
 .text.what_reg
                0x0000000000021ea4       0x34 /workdir/openwrt/tmp/ccmoovuF.ltrans1.ltrans.o
 .text.nextarg  0x0000000000021ed8       0x38 /workdir/openwrt/tmp/ccmoovuF.ltrans1.ltrans.o
 .text.rollback_token
                0x0000000000021f10       0x18 /workdir/openwrt/tmp/ccmoovuF.ltrans1.ltrans.o
 .text.nextword
                0x0000000000021f28       0x24 /workdir/openwrt/tmp/ccmoovuF.ltrans1.ltrans.o
 .text.skip_spaces
                0x0000000000021f4c       0x4c /workdir/openwrt/tmp/ccmoovuF.ltrans1.ltrans.o
 .text.hashidx  0x0000000000021f98       0x20 /workdir/openwrt/tmp/ccmoovuF.ltrans1.ltrans.o
 .text.new_node
                0x0000000000021fb8       0x2c /workdir/openwrt/tmp/ccmoovuF.ltrans1.ltrans.o
 .text.nvalloc  0x0000000000021fe4       0xc4 /workdir/openwrt/tmp/ccmoovuF.ltrans1.ltrans.o
 .text.hash_init
                0x00000000000220a8       0x2c /workdir/openwrt/tmp/ccmoovuF.ltrans1.ltrans.o
 .text.iamarray
                0x00000000000220d4       0x3c /workdir/openwrt/tmp/ccmoovuF.ltrans1.ltrans.o
 .text.find_pair
                0x0000000000022110       0x8c /workdir/openwrt/tmp/ccmoovuF.ltrans1.ltrans.o
 .text.text_yank
                0x000000000002219c       0x44 /workdir/openwrt/tmp/ccmoovuF.ltrans1.ltrans.o
 .text.clrvar   0x00000000000221e0       0x48 /workdir/openwrt/tmp/ccmoovuF.ltrans1.ltrans.o
 .text.clear_array
                0x0000000000022228       0x68 /workdir/openwrt/tmp/ccmoovuF.ltrans1.ltrans.o
 .text.int_handler
                0x0000000000022290       0x30 /workdir/openwrt/tmp/ccmoovuF.ltrans1.ltrans.o
 .text.skip_thing
                0x00000000000222c0      0x138 /workdir/openwrt/tmp/ccmoovuF.ltrans1.ltrans.o
 .text.parse_escapes
                0x00000000000223f8       0xac /workdir/openwrt/tmp/ccmoovuF.ltrans1.ltrans.o
 .text.chain_node
                0x00000000000224a4       0x8c /workdir/openwrt/tmp/ccmoovuF.ltrans1.ltrans.o
 .text.screen_erase
                0x0000000000022530       0x1c /workdir/openwrt/tmp/ccmoovuF.ltrans1.ltrans.o
 .text.setops   0x000000000002254c       0x74 /workdir/openwrt/tmp/ccmoovuF.ltrans1.ltrans.o
 .text.mycmp    0x00000000000225c0       0x20 /workdir/openwrt/tmp/ccmoovuF.ltrans1.ltrans.o
 .text.text_hole_delete
                0x00000000000225e0       0xb4 /workdir/openwrt/tmp/ccmoovuF.ltrans1.ltrans.o
 .text.yank_delete
                0x0000000000022694       0x98 /workdir/openwrt/tmp/ccmoovuF.ltrans1.ltrans.o
 .text.text_hole_make
                0x000000000002272c       0xe0 /workdir/openwrt/tmp/ccmoovuF.ltrans1.ltrans.o
 .text.pipe_putc
                0x000000000002280c       0x50 /workdir/openwrt/tmp/ccmoovuF.ltrans1.ltrans.o
 .text.qrealloc
                0x000000000002285c       0x28 /workdir/openwrt/tmp/ccmoovuF.ltrans1.ltrans.o
 .text.fsrealloc
                0x0000000000022884       0x98 /workdir/openwrt/tmp/ccmoovuF.ltrans1.ltrans.o
 .text.status_line_bold
                0x000000000002291c       0x8c /workdir/openwrt/tmp/ccmoovuF.ltrans1.ltrans.o
 .text.file_write
                0x00000000000229a8       0x80 /workdir/openwrt/tmp/ccmoovuF.ltrans1.ltrans.o
 .text.file_insert
                0x0000000000022a28      0x188 /workdir/openwrt/tmp/ccmoovuF.ltrans1.ltrans.o
 .text.not_implemented
                0x0000000000022bb0      0x134 /workdir/openwrt/tmp/ccmoovuF.ltrans1.ltrans.o
 .text.status_line
                0x0000000000022ce4       0x44 /workdir/openwrt/tmp/ccmoovuF.ltrans1.ltrans.o
 .text.string_insert
                0x0000000000022d28       0xa8 /workdir/openwrt/tmp/ccmoovuF.ltrans1.ltrans.o
 .text.parse_file_cmd
                0x0000000000022dd0       0x74 /workdir/openwrt/tmp/ccmoovuF.ltrans1.ltrans.o
 .text.end_line
                0x0000000000022e44       0x48 /workdir/openwrt/tmp/ccmoovuF.ltrans1.ltrans.o
 .text.dot_end  0x0000000000022e8c       0x20 /workdir/openwrt/tmp/ccmoovuF.ltrans1.ltrans.o
 .text.count_lines
                0x0000000000022eac       0x70 /workdir/openwrt/tmp/ccmoovuF.ltrans1.ltrans.o
 .text.next_line
                0x0000000000022f1c       0x34 /workdir/openwrt/tmp/ccmoovuF.ltrans1.ltrans.o
 .text.dot_next
                0x0000000000022f50       0x20 /workdir/openwrt/tmp/ccmoovuF.ltrans1.ltrans.o
 .text.find_line
                0x0000000000022f70       0x2c /workdir/openwrt/tmp/ccmoovuF.ltrans1.ltrans.o
 .text.end_screen
                0x0000000000022f9c       0x3c /workdir/openwrt/tmp/ccmoovuF.ltrans1.ltrans.o
 .text.new_screen
                0x0000000000022fd8       0x54 /workdir/openwrt/tmp/ccmoovuF.ltrans1.ltrans.o
 .text.copy_parsing_escapes
                0x000000000002302c       0x60 /workdir/openwrt/tmp/ccmoovuF.ltrans1.ltrans.o
 .text.begin_line
                0x000000000002308c       0x3c /workdir/openwrt/tmp/ccmoovuF.ltrans1.ltrans.o
 .text.move_to_col
                0x00000000000230c8       0x74 /workdir/openwrt/tmp/ccmoovuF.ltrans1.ltrans.o
 .text.dot_begin
                0x000000000002313c       0x20 /workdir/openwrt/tmp/ccmoovuF.ltrans1.ltrans.o
 .text.prev_line
                0x000000000002315c       0x34 /workdir/openwrt/tmp/ccmoovuF.ltrans1.ltrans.o
 .text.char_search
                0x0000000000023190       0xd4 /workdir/openwrt/tmp/ccmoovuF.ltrans1.ltrans.o
 .text.get_one_address
                0x0000000000023264      0x168 /workdir/openwrt/tmp/ccmoovuF.ltrans1.ltrans.o
 .text.dot_scroll
                0x00000000000233cc       0x70 /workdir/openwrt/tmp/ccmoovuF.ltrans1.ltrans.o
 .text.dot_prev
                0x000000000002343c       0x20 /workdir/openwrt/tmp/ccmoovuF.ltrans1.ltrans.o
 .text.sync_cursor
                0x000000000002345c      0x184 /workdir/openwrt/tmp/ccmoovuF.ltrans1.ltrans.o
 .text.cookmode
                0x00000000000235e0       0x20 /workdir/openwrt/tmp/ccmoovuF.ltrans1.ltrans.o
 .text.rawmode  0x0000000000023600       0x64 /workdir/openwrt/tmp/ccmoovuF.ltrans1.ltrans.o
 .text.mysleep  0x0000000000023664       0x44 /workdir/openwrt/tmp/ccmoovuF.ltrans1.ltrans.o
 .text.query_screen_dimensions
                0x00000000000236a8       0x44 /workdir/openwrt/tmp/ccmoovuF.ltrans1.ltrans.o
 .text.write1   0x00000000000236ec       0x10 /workdir/openwrt/tmp/ccmoovuF.ltrans1.ltrans.o
 .text.place_cursor
                0x00000000000236fc       0x74 /workdir/openwrt/tmp/ccmoovuF.ltrans1.ltrans.o
 .text.refresh  0x0000000000023770      0x32c /workdir/openwrt/tmp/ccmoovuF.ltrans1.ltrans.o
 .text.go_bottom_and_clear_to_eol
                0x0000000000023a9c       0x30 /workdir/openwrt/tmp/ccmoovuF.ltrans1.ltrans.o
 .text.readit   0x0000000000023acc       0x58 /workdir/openwrt/tmp/ccmoovuF.ltrans1.ltrans.o
 .text.get_one_char
                0x0000000000023b24       0x84 /workdir/openwrt/tmp/ccmoovuF.ltrans1.ltrans.o
 .text.Hit_Return
                0x0000000000023ba8       0x44 /workdir/openwrt/tmp/ccmoovuF.ltrans1.ltrans.o
 .text.show_status_line
                0x0000000000023bec      0x1bc /workdir/openwrt/tmp/ccmoovuF.ltrans1.ltrans.o
 .text.redraw   0x0000000000023da8       0x3c /workdir/openwrt/tmp/ccmoovuF.ltrans1.ltrans.o
 .text.winch_handler
                0x0000000000023de4       0x4c /workdir/openwrt/tmp/ccmoovuF.ltrans1.ltrans.o
 .text.tstp_handler
                0x0000000000023e30       0x58 /workdir/openwrt/tmp/ccmoovuF.ltrans1.ltrans.o
 .text.indicate_error
                0x0000000000023e88       0x5c /workdir/openwrt/tmp/ccmoovuF.ltrans1.ltrans.o
 .text.char_insert
                0x0000000000023ee4      0x1fc /workdir/openwrt/tmp/ccmoovuF.ltrans1.ltrans.o
 .text.init_text_buffer
                0x00000000000240e0       0x9c /workdir/openwrt/tmp/ccmoovuF.ltrans1.ltrans.o
 .text.bound_dot
                0x000000000002417c       0x50 /workdir/openwrt/tmp/ccmoovuF.ltrans1.ltrans.o
 .text.colon    0x00000000000241cc      0xca8 /workdir/openwrt/tmp/ccmoovuF.ltrans1.ltrans.o
 .text.get_input_line
                0x0000000000024e74       0xec /workdir/openwrt/tmp/ccmoovuF.ltrans1.ltrans.o
 .text.do_cmd   0x0000000000024f60     0x17c4 /workdir/openwrt/tmp/ccmoovuF.ltrans1.ltrans.o
 .text.edit_file
                0x0000000000026724      0x2fc /workdir/openwrt/tmp/ccmoovuF.ltrans1.ltrans.o
 .text.vi_main  0x0000000000026a20      0x168 /workdir/openwrt/tmp/ccmoovuF.ltrans1.ltrans.o
                0x0000000000026a20                vi_main
 .text.find_range
                0x0000000000026b88      0x2d0 /workdir/openwrt/tmp/ccmoovuF.ltrans1.ltrans.o
 .text.index_of_next_unescaped_regexp_delim
                0x0000000000026e58       0xbc /workdir/openwrt/tmp/ccmoovuF.ltrans1.ltrans.o
 .text.parse_regex_delim
                0x0000000000026f14       0x80 /workdir/openwrt/tmp/ccmoovuF.ltrans1.ltrans.o
 .text.syntax_error
                0x0000000000026f94       0x28 /workdir/openwrt/tmp/ccmoovuF.ltrans1.ltrans.o
 .text.fmt_num  0x0000000000026fbc      0x100 /workdir/openwrt/tmp/ccmoovuF.ltrans1.ltrans.o
 .text.getvar_s
                0x00000000000270bc       0x80 /workdir/openwrt/tmp/ccmoovuF.ltrans1.ltrans.o
 .text.nvfree   0x000000000002713c       0xf0 /workdir/openwrt/tmp/ccmoovuF.ltrans1.ltrans.o
 .text.hash_remove
                0x000000000002722c       0x88 /workdir/openwrt/tmp/ccmoovuF.ltrans1.ltrans.o
 .text.hash_search
                0x00000000000272b4       0x54 /workdir/openwrt/tmp/ccmoovuF.ltrans1.ltrans.o
 .text.hash_find
                0x0000000000027308      0x128 /workdir/openwrt/tmp/ccmoovuF.ltrans1.ltrans.o
 .text.cleanup_outname
                0x0000000000027430       0x18 /workdir/openwrt/tmp/ccmoovuF.ltrans1.ltrans.o
 .text.puts_maybe_newline
                0x0000000000027448       0xb0 /workdir/openwrt/tmp/ccmoovuF.ltrans1.ltrans.o
 .text.flush_append
                0x00000000000274f8       0x40 /workdir/openwrt/tmp/ccmoovuF.ltrans1.ltrans.o
 .text.get_next_line
                0x0000000000027538      0x110 /workdir/openwrt/tmp/ccmoovuF.ltrans1.ltrans.o
 .text.process_files
                0x0000000000027648      0xb0c /workdir/openwrt/tmp/ccmoovuF.ltrans1.ltrans.o
 .text.get_address.lto_priv.96
                0x0000000000028154      0x10c /workdir/openwrt/tmp/ccmoovuF.ltrans1.ltrans.o
 .text.add_cmd  0x0000000000028260      0x5e8 /workdir/openwrt/tmp/ccmoovuF.ltrans1.ltrans.o
 .text.add_cmd_block
                0x0000000000028848       0x48 /workdir/openwrt/tmp/ccmoovuF.ltrans1.ltrans.o
 .text.sed_main
                0x0000000000028890      0x324 /workdir/openwrt/tmp/ccmoovuF.ltrans1.ltrans.o
                0x0000000000028890                sed_main
 .text.cmp_main
                0x0000000000028bb4      0x1ec /workdir/openwrt/tmp/ccmoovuF.ltrans1.ltrans.o
                0x0000000000028bb4                cmp_main
 .text.mk_splitter
                0x0000000000028da0       0x8c /workdir/openwrt/tmp/ccmoovuF.ltrans1.ltrans.o
 .text.do_mktime
                0x0000000000028e2c       0x9c /workdir/openwrt/tmp/ccmoovuF.ltrans1.ltrans.o
 .text.awk_split
                0x0000000000028ec8      0x2b4 /workdir/openwrt/tmp/ccmoovuF.ltrans1.ltrans.o
 .text.split_f0
                0x000000000002917c       0xc0 /workdir/openwrt/tmp/ccmoovuF.ltrans1.ltrans.o
 .text.nextchar
                0x000000000002923c       0x54 /workdir/openwrt/tmp/ccmoovuF.ltrans1.ltrans.o
 .text.unescape_string_in_place
                0x0000000000029290       0x28 /workdir/openwrt/tmp/ccmoovuF.ltrans1.ltrans.o
 .text.getvar_i
                0x00000000000292b8       0x94 /workdir/openwrt/tmp/ccmoovuF.ltrans1.ltrans.o
 .text.istrue   0x000000000002934c       0x54 /workdir/openwrt/tmp/ccmoovuF.ltrans1.ltrans.o
 .text.handle_special
                0x00000000000293a0      0x228 /workdir/openwrt/tmp/ccmoovuF.ltrans1.ltrans.o
 .text.copyvar  0x00000000000295c8       0x5c /workdir/openwrt/tmp/ccmoovuF.ltrans1.ltrans.o
 .text.setvar_i
                0x0000000000029624       0x38 /workdir/openwrt/tmp/ccmoovuF.ltrans1.ltrans.o
 .text.setvar_p
                0x000000000002965c       0x24 /workdir/openwrt/tmp/ccmoovuF.ltrans1.ltrans.o
 .text.setvar_s
                0x0000000000029680       0x34 /workdir/openwrt/tmp/ccmoovuF.ltrans1.ltrans.o
 .text.awk_getline
                0x00000000000296b4      0x2d8 /workdir/openwrt/tmp/ccmoovuF.ltrans1.ltrans.o
 .text.setvar_u
                0x000000000002998c       0x18 /workdir/openwrt/tmp/ccmoovuF.ltrans1.ltrans.o
 .text.is_assignment
                0x00000000000299a4       0xac /workdir/openwrt/tmp/ccmoovuF.ltrans1.ltrans.o
 .text.incvar   0x0000000000029a50       0x20 /workdir/openwrt/tmp/ccmoovuF.ltrans1.ltrans.o
 .text.next_input_file
                0x0000000000029a70       0xf8 /workdir/openwrt/tmp/ccmoovuF.ltrans1.ltrans.o
 .text.getvar_i_int
                0x0000000000029b68       0x2c /workdir/openwrt/tmp/ccmoovuF.ltrans1.ltrans.o
 .text.next_token
                0x0000000000029b94      0x3ec /workdir/openwrt/tmp/ccmoovuF.ltrans1.ltrans.o
 .text.condition
                0x0000000000029f80       0x18 /workdir/openwrt/tmp/ccmoovuF.ltrans1.ltrans.o
 .text.parse_expr
                0x0000000000029f98      0x36c /workdir/openwrt/tmp/ccmoovuF.ltrans1.ltrans.o
 .text.chain_expr
                0x000000000002a304       0x58 /workdir/openwrt/tmp/ccmoovuF.ltrans1.ltrans.o
 .text.chain_group
                0x000000000002a35c      0x2b8 /workdir/openwrt/tmp/ccmoovuF.ltrans1.ltrans.o
 .text.parse_program
                0x000000000002a614      0x19c /workdir/openwrt/tmp/ccmoovuF.ltrans1.ltrans.o
 .text.chain_loop
                0x000000000002a7b0       0x80 /workdir/openwrt/tmp/ccmoovuF.ltrans1.ltrans.o
 .text.setari_u
                0x000000000002a830       0x34 /workdir/openwrt/tmp/ccmoovuF.ltrans1.ltrans.o
 .text.exec_builtin
                0x000000000002a864      0x5b0 /workdir/openwrt/tmp/ccmoovuF.ltrans1.ltrans.o
 .text.awk_exit
                0x000000000002ae14       0x94 /workdir/openwrt/tmp/ccmoovuF.ltrans1.ltrans.o
 .text.awk_main
                0x000000000002aea8      0x47c /workdir/openwrt/tmp/ccmoovuF.ltrans1.ltrans.o
                0x000000000002aea8                awk_main
 .text.awk_printf
                0x000000000002b324      0x204 /workdir/openwrt/tmp/ccmoovuF.ltrans1.ltrans.o
 .text.ptest    0x000000000002b528       0x20 /workdir/openwrt/tmp/ccmoovuF.ltrans1.ltrans.o
 .text.as_regex
                0x000000000002b548       0xa8 /workdir/openwrt/tmp/ccmoovuF.ltrans1.ltrans.o
 .text.awk_sub  0x000000000002b5f0      0x2cc /workdir/openwrt/tmp/ccmoovuF.ltrans1.ltrans.o
 .text.true_main
                0x000000000002b8bc        0x8 /workdir/openwrt/tmp/ccmoovuF.ltrans2.ltrans.o
                0x000000000002b8bc                true_main
 .text.count_dirs
                0x000000000002b8c4       0x84 /workdir/openwrt/tmp/ccmoovuF.ltrans2.ltrans.o
 .text.append_char
                0x000000000002b948       0x6c /workdir/openwrt/tmp/ccmoovuF.ltrans2.ltrans.o
 .text.false_main
                0x000000000002b9b4        0x8 /workdir/openwrt/tmp/ccmoovuF.ltrans2.ltrans.o
                0x000000000002b9b4                false_main
 .text.null     0x000000000002b9bc       0x58 /workdir/openwrt/tmp/ccmoovuF.ltrans2.ltrans.o
 .text.cmpfunc  0x000000000002ba14       0x10 /workdir/openwrt/tmp/ccmoovuF.ltrans2.ltrans.o
 .text.header_skip
                0x000000000002ba24        0x4 /workdir/openwrt/tmp/ccmoovuF.ltrans2.ltrans.o
                0x000000000002ba24                header_skip
 .text.filter_accept_all
                0x000000000002ba28       0x14 /workdir/openwrt/tmp/ccmoovuF.ltrans2.ltrans.o
                0x000000000002ba28                filter_accept_all
 .text.freev    0x000000000002ba3c       0x28 /workdir/openwrt/tmp/ccmoovuF.ltrans2.ltrans.o
 .text.header_list
                0x000000000002ba64        0x8 /workdir/openwrt/tmp/ccmoovuF.ltrans2.ltrans.o
                0x000000000002ba64                header_list
 .text.which_main
                0x000000000002ba6c      0x178 /workdir/openwrt/tmp/ccmoovuF.ltrans2.ltrans.o
                0x000000000002ba6c                which_main
 .text.print_common
                0x000000000002bbe4       0xa4 /workdir/openwrt/tmp/ccmoovuF.ltrans2.ltrans.o
 .text.cp_mv_stat2
                0x000000000002bc88       0x68 /workdir/openwrt/tmp/ccmoovuF.ltrans2.ltrans.o
 .text.tostring
                0x000000000002bcf0       0x34 /workdir/openwrt/tmp/ccmoovuF.ltrans2.ltrans.o
 .text.nextarg  0x000000000002bd24       0x40 /workdir/openwrt/tmp/ccmoovuF.ltrans2.ltrans.o
 .text.check    0x000000000002bd64      0x1f4 /workdir/openwrt/tmp/ccmoovuF.ltrans2.ltrans.o
 .text.start_stop_daemon_main
                0x000000000002bf58      0x518 /workdir/openwrt/tmp/ccmoovuF.ltrans2.ltrans.o
                0x000000000002bf58                start_stop_daemon_main
 .text.getopt_mk_fifo_nod
                0x000000000002c470       0x54 /workdir/openwrt/tmp/ccmoovuF.ltrans2.ltrans.o
 .text.yes_main
                0x000000000002c4c4       0x6c /workdir/openwrt/tmp/ccmoovuF.ltrans2.ltrans.o
                0x000000000002c4c4                yes_main
 .text.fileAction.lto_priv.106
                0x000000000002c530       0x54 /workdir/openwrt/tmp/ccmoovuF.ltrans2.ltrans.o
 .text.wc_main  0x000000000002c584      0x278 /workdir/openwrt/tmp/ccmoovuF.ltrans2.ltrans.o
                0x000000000002c584                wc_main
 .text.uniq_main
                0x000000000002c7fc      0x208 /workdir/openwrt/tmp/ccmoovuF.ltrans2.ltrans.o
                0x000000000002c7fc                uniq_main
 .text.uname_main
                0x000000000002ca04      0x138 /workdir/openwrt/tmp/ccmoovuF.ltrans2.ltrans.o
                0x000000000002ca04                uname_main
 .text.dnalloc  0x000000000002cb3c       0x14 /workdir/openwrt/tmp/ccmoovuF.ltrans2.ltrans.o
 .text.splitdnarray
                0x000000000002cb50       0xa0 /workdir/openwrt/tmp/ccmoovuF.ltrans2.ltrans.o
 .text.my_stat  0x000000000002cbf0      0x140 /workdir/openwrt/tmp/ccmoovuF.ltrans2.ltrans.o
 .text.complement
                0x000000000002cd30       0x9c /workdir/openwrt/tmp/ccmoovuF.ltrans2.ltrans.o
 .text.expand   0x000000000002cdcc       0xe8 /workdir/openwrt/tmp/ccmoovuF.ltrans2.ltrans.o
 .text.tr_main  0x000000000002ceb4      0x200 /workdir/openwrt/tmp/ccmoovuF.ltrans2.ltrans.o
                0x000000000002ceb4                tr_main
 .text.touch_main
                0x000000000002d0b4      0x1a8 /workdir/openwrt/tmp/ccmoovuF.ltrans2.ltrans.o
                0x000000000002d0b4                touch_main
 .text.syntax   0x000000000002d25c       0x54 /workdir/openwrt/tmp/ccmoovuF.ltrans2.ltrans.o
 .text.check_operator
                0x000000000002d2b0       0x9c /workdir/openwrt/tmp/ccmoovuF.ltrans2.ltrans.o
 .text.parse_comma_flags
                0x000000000002d34c       0x78 /workdir/openwrt/tmp/ccmoovuF.ltrans2.ltrans.o
 .text.getn     0x000000000002d3c4       0x80 /workdir/openwrt/tmp/ccmoovuF.ltrans2.ltrans.o
 .text.binop    0x000000000002d444      0x2d8 /workdir/openwrt/tmp/ccmoovuF.ltrans2.ltrans.o
 .text.nexpr    0x000000000002d71c      0x41c /workdir/openwrt/tmp/ccmoovuF.ltrans2.ltrans.o
 .text.aexpr    0x000000000002db38       0x80 /workdir/openwrt/tmp/ccmoovuF.ltrans2.ltrans.o
 .text.oexpr    0x000000000002dbb8       0x80 /workdir/openwrt/tmp/ccmoovuF.ltrans2.ltrans.o
 .text.test_main
                0x000000000002dc38      0x254 /workdir/openwrt/tmp/ccmoovuF.ltrans2.ltrans.o
                0x000000000002dc38                test_main
 .text.toarith  0x000000000002de8c       0x68 /workdir/openwrt/tmp/ccmoovuF.ltrans2.ltrans.o
 .text.arithmetic_common
                0x000000000002def4       0xcc /workdir/openwrt/tmp/ccmoovuF.ltrans2.ltrans.o
 .text.tee_main
                0x000000000002dfc0      0x18c /workdir/openwrt/tmp/ccmoovuF.ltrans2.ltrans.o
                0x000000000002dfc0                tee_main
 .text.eat_num.lto_priv.101
                0x000000000002e14c       0x34 /workdir/openwrt/tmp/ccmoovuF.ltrans2.ltrans.o
 .text.tail_main
                0x000000000002e180      0x754 /workdir/openwrt/tmp/ccmoovuF.ltrans2.ltrans.o
                0x000000000002e180                tail_main
 .text.fsync_main
                0x000000000002e8d4       0x98 /workdir/openwrt/tmp/ccmoovuF.ltrans2.ltrans.o
                0x000000000002e8d4                fsync_main
 .text.sync_main
                0x000000000002e96c       0x10 /workdir/openwrt/tmp/ccmoovuF.ltrans2.ltrans.o
                0x000000000002e96c                sync_main
 .text.dnsort   0x000000000002e97c       0x10 /workdir/openwrt/tmp/ccmoovuF.ltrans2.ltrans.o
 .text.compare_keys
                0x000000000002e98c       0xec /workdir/openwrt/tmp/ccmoovuF.ltrans2.ltrans.o
 .text.sort_main
                0x000000000002ea78      0x1fc /workdir/openwrt/tmp/ccmoovuF.ltrans2.ltrans.o
                0x000000000002ea78                sort_main
 .text.sleep_main
                0x000000000002ec74       0x88 /workdir/openwrt/tmp/ccmoovuF.ltrans2.ltrans.o
                0x000000000002ec74                sleep_main
 .text.reset_main
                0x000000000002ecfc       0x40 /workdir/openwrt/tmp/ccmoovuF.ltrans2.ltrans.o
                0x000000000002ecfc                reset_main
 .text.sortcmp  0x000000000002ed3c      0x108 /workdir/openwrt/tmp/ccmoovuF.ltrans2.ltrans.o
 .text.seq_main
                0x000000000002ee44      0x20c /workdir/openwrt/tmp/ccmoovuF.ltrans2.ltrans.o
                0x000000000002ee44                seq_main
 .text.conv_strtod
                0x000000000002f050       0x4c /workdir/openwrt/tmp/ccmoovuF.ltrans2.ltrans.o
 .text.dirname_main
                0x000000000002f09c       0x54 /workdir/openwrt/tmp/ccmoovuF.ltrans2.ltrans.o
                0x000000000002f09c                dirname_main
 .text.rmdir_main
                0x000000000002f0f0       0xdc /workdir/openwrt/tmp/ccmoovuF.ltrans2.ltrans.o
                0x000000000002f0f0                rmdir_main
 .text.rm_main  0x000000000002f1cc       0xd4 /workdir/openwrt/tmp/ccmoovuF.ltrans2.ltrans.o
                0x000000000002f1cc                rm_main
 .text.readlink_main
                0x000000000002f2a0       0x94 /workdir/openwrt/tmp/ccmoovuF.ltrans2.ltrans.o
                0x000000000002f2a0                readlink_main
 .text.pwd_main
                0x000000000002f334       0x2c /workdir/openwrt/tmp/ccmoovuF.ltrans2.ltrans.o
                0x000000000002f334                pwd_main
 .text.clear_O_DIRECT
                0x000000000002f360       0x58 /workdir/openwrt/tmp/ccmoovuF.ltrans2.ltrans.o
 .text.dd_read  0x000000000002f3b8       0x6c /workdir/openwrt/tmp/ccmoovuF.ltrans2.ltrans.o
 .text.get_width_prec
                0x000000000002f424       0x44 /workdir/openwrt/tmp/ccmoovuF.ltrans2.ltrans.o
 .text.conv_strtoll
                0x000000000002f468       0x20 /workdir/openwrt/tmp/ccmoovuF.ltrans2.ltrans.o
 .text.conv_strtoull
                0x000000000002f488       0x54 /workdir/openwrt/tmp/ccmoovuF.ltrans2.ltrans.o
 .text.multiconvert
                0x000000000002f4dc       0x70 /workdir/openwrt/tmp/ccmoovuF.ltrans2.ltrans.o
 .text.print_direc
                0x000000000002f54c      0x22c /workdir/openwrt/tmp/ccmoovuF.ltrans2.ltrans.o
 .text.printf_main
                0x000000000002f778      0x434 /workdir/openwrt/tmp/ccmoovuF.ltrans2.ltrans.o
                0x000000000002f778                printf_main
 .text.nice_main
                0x000000000002fbac      0x140 /workdir/openwrt/tmp/ccmoovuF.ltrans2.ltrans.o
                0x000000000002fbac                nice_main
 .text.cp_main  0x000000000002fcec      0x170 /workdir/openwrt/tmp/ccmoovuF.ltrans2.ltrans.o
                0x000000000002fcec                cp_main
 .text.dd_output_status
                0x000000000002fe5c       0x48 /workdir/openwrt/tmp/ccmoovuF.ltrans2.ltrans.o
 .text.mv_main  0x000000000002fea4      0x248 /workdir/openwrt/tmp/ccmoovuF.ltrans2.ltrans.o
                0x000000000002fea4                mv_main
 .text.mktemp_main
                0x00000000000300ec       0xfc /workdir/openwrt/tmp/ccmoovuF.ltrans2.ltrans.o
                0x00000000000300ec                mktemp_main
 .text.ln_main  0x00000000000301e8      0x288 /workdir/openwrt/tmp/ccmoovuF.ltrans2.ltrans.o
                0x00000000000301e8                ln_main
 .text.str_value
                0x0000000000030470       0x30 /workdir/openwrt/tmp/ccmoovuF.ltrans2.ltrans.o
 .text.mknod_main
                0x00000000000304a0      0x1a8 /workdir/openwrt/tmp/ccmoovuF.ltrans2.ltrans.o
                0x00000000000304a0                mknod_main
 .text.mkfifo_main
                0x0000000000030648       0x6c /workdir/openwrt/tmp/ccmoovuF.ltrans2.ltrans.o
                0x0000000000030648                mkfifo_main
 .text.mkdir_main
                0x00000000000306b4       0xbc /workdir/openwrt/tmp/ccmoovuF.ltrans2.ltrans.o
                0x00000000000306b4                mkdir_main
 .text.hash_file
                0x0000000000030770      0x1d4 /workdir/openwrt/tmp/ccmoovuF.ltrans2.ltrans.o
 .text.md5_sha1_sum_main
                0x0000000000030944      0x1dc /workdir/openwrt/tmp/ccmoovuF.ltrans2.ltrans.o
                0x0000000000030944                md5_sha1_sum_main
 .text.print_name
                0x0000000000030b20       0x9c /workdir/openwrt/tmp/ccmoovuF.ltrans2.ltrans.o
 .text.header_verbose_list
                0x0000000000030bbc       0xa8 /workdir/openwrt/tmp/ccmoovuF.ltrans2.ltrans.o
                0x0000000000030bbc                header_verbose_list
 .text.display_single
                0x0000000000030c64      0x458 /workdir/openwrt/tmp/ccmoovuF.ltrans2.ltrans.o
 .text.display_files
                0x00000000000310bc      0x1a0 /workdir/openwrt/tmp/ccmoovuF.ltrans2.ltrans.o
 .text.scan_and_display_dirs_recur
                0x000000000003125c      0x22c /workdir/openwrt/tmp/ccmoovuF.ltrans2.ltrans.o
 .text.ls_main  0x0000000000031488      0x2e4 /workdir/openwrt/tmp/ccmoovuF.ltrans2.ltrans.o
                0x0000000000031488                ls_main
 .text.get_groups
                0x000000000003176c       0x88 /workdir/openwrt/tmp/ccmoovuF.ltrans2.ltrans.o
 .text.print_user
                0x00000000000317f4       0x28 /workdir/openwrt/tmp/ccmoovuF.ltrans2.ltrans.o
 .text.print_group
                0x000000000003181c       0x28 /workdir/openwrt/tmp/ccmoovuF.ltrans2.ltrans.o
 .text.id_main  0x0000000000031844      0x214 /workdir/openwrt/tmp/ccmoovuF.ltrans2.ltrans.o
                0x0000000000031844                id_main
 .text.head_main
                0x0000000000031a58      0x3ac /workdir/openwrt/tmp/ccmoovuF.ltrans2.ltrans.o
                0x0000000000031a58                head_main
 .text.docolon  0x0000000000031e04      0x124 /workdir/openwrt/tmp/ccmoovuF.ltrans2.ltrans.o
 .text.eval6    0x0000000000031f28      0x2b8 /workdir/openwrt/tmp/ccmoovuF.ltrans2.ltrans.o
 .text.eval5    0x00000000000321e0       0x70 /workdir/openwrt/tmp/ccmoovuF.ltrans2.ltrans.o
 .text.eval4    0x0000000000032250       0xb4 /workdir/openwrt/tmp/ccmoovuF.ltrans2.ltrans.o
 .text.eval3    0x0000000000032304       0x9c /workdir/openwrt/tmp/ccmoovuF.ltrans2.ltrans.o
 .text.eval2    0x00000000000323a0      0x1dc /workdir/openwrt/tmp/ccmoovuF.ltrans2.ltrans.o
 .text.eval1    0x000000000003257c       0xa4 /workdir/openwrt/tmp/ccmoovuF.ltrans2.ltrans.o
 .text.eval     0x0000000000032620       0x74 /workdir/openwrt/tmp/ccmoovuF.ltrans2.ltrans.o
 .text.expr_main
                0x0000000000032694       0x90 /workdir/openwrt/tmp/ccmoovuF.ltrans2.ltrans.o
                0x0000000000032694                expr_main
 .text.env_main
                0x0000000000032724      0x108 /workdir/openwrt/tmp/ccmoovuF.ltrans2.ltrans.o
                0x0000000000032724                env_main
 .text.write_and_stats
                0x000000000003282c       0xac /workdir/openwrt/tmp/ccmoovuF.ltrans2.ltrans.o
 .text.basename_main
                0x00000000000328d8       0xac /workdir/openwrt/tmp/ccmoovuF.ltrans2.ltrans.o
                0x00000000000328d8                basename_main
 .text.clear_main
                0x0000000000032984       0x30 /workdir/openwrt/tmp/ccmoovuF.ltrans2.ltrans.o
                0x0000000000032984                clear_main
 .text.echo_main
                0x00000000000329b4      0x1a4 /workdir/openwrt/tmp/ccmoovuF.ltrans2.ltrans.o
                0x00000000000329b4                echo_main
 .text.du       0x0000000000032b58      0x200 /workdir/openwrt/tmp/ccmoovuF.ltrans2.ltrans.o
 .text.du_main  0x0000000000032d58      0x140 /workdir/openwrt/tmp/ccmoovuF.ltrans2.ltrans.o
                0x0000000000032d58                du_main
 .text.dd_main  0x0000000000032e98      0x6e0 /workdir/openwrt/tmp/ccmoovuF.ltrans2.ltrans.o
                0x0000000000032e98                dd_main
 .text.date_main
                0x0000000000033578      0x314 /workdir/openwrt/tmp/ccmoovuF.ltrans2.ltrans.o
                0x0000000000033578                date_main
 .text.cut_main
                0x000000000003388c      0x464 /workdir/openwrt/tmp/ccmoovuF.ltrans2.ltrans.o
                0x000000000003388c                cut_main
 .text.chroot_main
                0x0000000000033cf0       0x48 /workdir/openwrt/tmp/ccmoovuF.ltrans2.ltrans.o
                0x0000000000033cf0                chroot_main
 .text.chown_main
                0x0000000000033d38       0xac /workdir/openwrt/tmp/ccmoovuF.ltrans2.ltrans.o
                0x0000000000033d38                chown_main
 .text.chgrp_main
                0x0000000000033de4       0x48 /workdir/openwrt/tmp/ccmoovuF.ltrans2.ltrans.o
                0x0000000000033de4                chgrp_main
 .text.chmod_main
                0x0000000000033e2c       0xec /workdir/openwrt/tmp/ccmoovuF.ltrans2.ltrans.o
                0x0000000000033e2c                chmod_main
 .text.fileAction.lto_priv.105
                0x0000000000033f18       0x90 /workdir/openwrt/tmp/ccmoovuF.ltrans2.ltrans.o
 .text.cat_main
                0x0000000000033fa8       0x48 /workdir/openwrt/tmp/ccmoovuF.ltrans2.ltrans.o
                0x0000000000033fa8                cat_main
 .text.seek_by_read
                0x0000000000033ff0       0x10 /workdir/openwrt/tmp/ccmoovuF.ltrans2.ltrans.o
                0x0000000000033ff0                seek_by_read
 .text.seek_by_jump
                0x0000000000034000       0x7c /workdir/openwrt/tmp/ccmoovuF.ltrans2.ltrans.o
                0x0000000000034000                seek_by_jump
 .text.strip_unsafe_prefix
                0x000000000003407c       0x98 /workdir/openwrt/tmp/ccmoovuF.ltrans2.ltrans.o
                0x000000000003407c                strip_unsafe_prefix
 .text.fork_transformer